 CylinderSim_cgxe

 Timestamp is 5704c468 (Wed Apr 06 03:10:16 2016)

 Preferred load address is 0000000180000000

 Start         Length     Name                   Class
 0001:00000000 00015764H .text                   CODE
 0001:00015770 00000092H .text$x                 CODE
 0002:00000000 00000368H .idata$5                DATA
 0002:00000368 00000008H .CRT$XCA                DATA
 0002:00000370 00000008H .CRT$XCZ                DATA
 0002:00000378 00000008H .CRT$XIA                DATA
 0002:00000380 00000008H .CRT$XIAA               DATA
 0002:00000388 00000008H .CRT$XIZ                DATA
 0002:00000390 0000074cH .rdata                  DATA
 0002:00000ae0 00000008H .rtc$IAA                DATA
 0002:00000ae8 00000008H .rtc$IZZ                DATA
 0002:00000af0 00000008H .rtc$TAA                DATA
 0002:00000af8 00000008H .rtc$TZZ                DATA
 0002:00000b00 000005c8H .xdata                  DATA
 0002:000010c8 0000008cH .idata$2                DATA
 0002:00001154 00000014H .idata$3                DATA
 0002:00001168 00000368H .idata$4                DATA
 0002:000014d0 000007e4H .idata$6                DATA
 0002:00001cc0 00000056H .edata                  DATA
 0003:00000000 00007cacH .data                   DATA
 0003:00007cc0 000016a8H .bss                    DATA
 0004:00000000 0000069cH .pdata                  DATA

  Address         Publics by Value              Rva+Base               Lib:Object

 0000:00000000       ___safe_se_handler_count   0000000000000000     <absolute>
 0000:00000000       ___safe_se_handler_table   0000000000000000     <absolute>
 0000:00000000       __ImageBase                0000000180000000     <linker-defined>
 0001:00000000       cgxe_CylinderSim_initializer 0000000180001000 f   CylinderSim_cgxe.obj
 0001:00000060       cgxe_CylinderSim_terminator 0000000180001060 f   CylinderSim_cgxe.obj
 0001:000000a0       cgxe_CylinderSim_method_dispatcher 00000001800010a0 f   CylinderSim_cgxe.obj
 0001:00000120       cgxe_CylinderSim_autoInfer_dispatcher 0000000180001120 f   CylinderSim_cgxe.obj
 0001:000001b0       method_dispatcher_eJG1O6WbMNFUvHWZ3mwzSC 00000001800011b0 f   m_eJG1O6WbMNFUvHWZ3mwzSC.obj
 0001:000064f0       autoInfer_dispatcher_eJG1O6WbMNFUvHWZ3mwzSC 00000001800074f0 f   m_eJG1O6WbMNFUvHWZ3mwzSC.obj
 0001:0000e940       cgxe_eJG1O6WbMNFUvHWZ3mwzSC_BuildInfoUpdate 000000018000f940 f   m_eJG1O6WbMNFUvHWZ3mwzSC.obj
 0001:0000eaa0       _ssSetStateAbsTol          000000018000faa0 f   CylinderSim_cgxe_registry.obj
 0001:0000eb80       _ssGetAbsTol               000000018000fb80 f   CylinderSim_cgxe_registry.obj
 0001:0000ebf0       _ssSetInputPortMatrixDimensions 000000018000fbf0 f   CylinderSim_cgxe_registry.obj
 0001:0000ed00       _ssSetOutputPortMatrixDimensions 000000018000fd00 f   CylinderSim_cgxe_registry.obj
 0001:0000ee10       _ssSetInputPortVectorDimension 000000018000fe10 f   CylinderSim_cgxe_registry.obj
 0001:0000eee0       _ssSetOutputPortVectorDimension 000000018000fee0 f   CylinderSim_cgxe_registry.obj
 0001:0000efb0       _ssSetSymbolicDimsSupport  000000018000ffb0 f   CylinderSim_cgxe_registry.obj
 0001:0000f020       _ssRegisterSymbolicDimsExpr 0000000180010020 f   CylinderSim_cgxe_registry.obj
 0001:0000f0a0       _ssRegisterSymbolicDims    00000001800100a0 f   CylinderSim_cgxe_registry.obj
 0001:0000f140       _ssRegisterSymbolicDimsString 0000000180010140 f   CylinderSim_cgxe_registry.obj
 0001:0000f1c0       _ssRegisterSymbolicDimsIntValue 00000001800101c0 f   CylinderSim_cgxe_registry.obj
 0001:0000f230       _ssRegisterSymbolicDimsPlus 0000000180010230 f   CylinderSim_cgxe_registry.obj
 0001:0000f2b0       _ssRegisterSymbolicDimsMinus 00000001800102b0 f   CylinderSim_cgxe_registry.obj
 0001:0000f330       _ssRegisterSymbolicDimsMultiply 0000000180010330 f   CylinderSim_cgxe_registry.obj
 0001:0000f3b0       _ssRegisterSymbolicDimsDivide 00000001800103b0 f   CylinderSim_cgxe_registry.obj
 0001:0000f430       _ssGetNumSymbolicDims      0000000180010430 f   CylinderSim_cgxe_registry.obj
 0001:0000f4a0       _ssGetSymbolicDim          00000001800104a0 f   CylinderSim_cgxe_registry.obj
 0001:0000f520       _ssSetInputPortSymbolicDimsId 0000000180010520 f   CylinderSim_cgxe_registry.obj
 0001:0000f590       _ssGetCompInputPortSymbolicDimsId 0000000180010590 f   CylinderSim_cgxe_registry.obj
 0001:0000f600       _ssSetCompInputPortSymbolicDimsId 0000000180010600 f   CylinderSim_cgxe_registry.obj
 0001:0000f670       _ssSetOutputPortSymbolicDimsId 0000000180010670 f   CylinderSim_cgxe_registry.obj
 0001:0000f6e0       _ssGetCompOutputPortSymbolicDimsId 00000001800106e0 f   CylinderSim_cgxe_registry.obj
 0001:0000f750       _ssSetCompOutputPortSymbolicDimsId 0000000180010750 f   CylinderSim_cgxe_registry.obj
 0001:0000f7c0       _ssSetCompDWorkSymbolicDimsId 00000001800107c0 f   CylinderSim_cgxe_registry.obj
 0001:0000f830       ssIsRunTimeParamTunable    0000000180010830 f   CylinderSim_cgxe_registry.obj
 0001:0000f8a0       ssGetSFuncBlockHandle      00000001800108a0 f   CylinderSim_cgxe_registry.obj
 0001:0000f910       _ssGetCurrentInputPortWidth 0000000180010910 f   CylinderSim_cgxe_registry.obj
 0001:0000fa30       _ssGetCurrentOutputPortWidth 0000000180010a30 f   CylinderSim_cgxe_registry.obj
 0001:0000fb50       _ssGetCallSystemNumFcnCallDestinations 0000000180010b50 f   CylinderSim_cgxe_registry.obj
 0001:0000fbc0       ssWarning                  0000000180010bc0 f   CylinderSim_cgxe_registry.obj
 0001:0000fcd0       ssGetIsZeroCrossControlDisabled 0000000180010cd0 f   CylinderSim_cgxe_registry.obj
 0001:0000fd40       ssSetIsInputPortUsedForContZcSignal 0000000180010d40 f   CylinderSim_cgxe_registry.obj
 0001:0000fdb0       ssSetZcSignalIsZcElementDisc 0000000180010db0 f   CylinderSim_cgxe_registry.obj
 0001:0000fe60       ssSetZcSignalName          0000000180010e60 f   CylinderSim_cgxe_registry.obj
 0001:0000fed0       ssSetZcSignalWidth         0000000180010ed0 f   CylinderSim_cgxe_registry.obj
 0001:0000ff40       ssSetZcSignalZcEventType   0000000180010f40 f   CylinderSim_cgxe_registry.obj
 0001:0000ffb0       ssSetZcSignalType          0000000180010fb0 f   CylinderSim_cgxe_registry.obj
 0001:00010020       ssSetZcSignalZcTol         0000000180011020 f   CylinderSim_cgxe_registry.obj
 0001:00010090       ssSetZcSignalNeedsEventNotification 0000000180011090 f   CylinderSim_cgxe_registry.obj
 0001:00010100       ssCreateAndAddZcSignalInfo 0000000180011100 f   CylinderSim_cgxe_registry.obj
 0001:00010170       ssCloneAndAddZcSignalInfo  0000000180011170 f   CylinderSim_cgxe_registry.obj
 0001:000101e0       ssGetNumZcSignals          00000001800111e0 f   CylinderSim_cgxe_registry.obj
 0001:00010250       ssGetZcSignalVector        0000000180011250 f   CylinderSim_cgxe_registry.obj
 0001:000102c0       ssGetZcSignalZcEvents      00000001800112c0 f   CylinderSim_cgxe_registry.obj
 0001:00010330       ssGetZcSignalName          0000000180011330 f   CylinderSim_cgxe_registry.obj
 0001:000103a0       ssGetZcSignalWidth         00000001800113a0 f   CylinderSim_cgxe_registry.obj
 0001:00010410       ssGetZcSignalZcEventType   0000000180011410 f   CylinderSim_cgxe_registry.obj
 0001:00010480       ssGetZcSignalType          0000000180011480 f   CylinderSim_cgxe_registry.obj
 0001:000104f0       ssGetZcSignalZcTol         00000001800114f0 f   CylinderSim_cgxe_registry.obj
 0001:00010570       ssGetZcSignalNeedsEventNotification 0000000180011570 f   CylinderSim_cgxe_registry.obj
 0001:000105e0       ssGetZcSignalIsZcElementDisc 00000001800115e0 f   CylinderSim_cgxe_registry.obj
 0001:00010680       ssGetIsInputPortElementContinuous 0000000180011680 f   CylinderSim_cgxe_registry.obj
 0001:00010720       _ssGetInputPortSignalPtrsFcn 0000000180011720 f   CylinderSim_cgxe_registry.obj
 0001:000109e0       _ssGetInputPortSignalFcn   00000001800119e0 f   CylinderSim_cgxe_registry.obj
 0001:00010c00       _ssSetInputPortDirectFeedThroughFcn 0000000180011c00 f   CylinderSim_cgxe_registry.obj
 0001:00010d60       _ssSetInputPortReusableFcn 0000000180011d60 f   CylinderSim_cgxe_registry.obj
 0001:00010e50       _ssSetOutputPortReusableFcn 0000000180011e50 f   CylinderSim_cgxe_registry.obj
 0001:00010f30       ssGetDTypeIdFromMxArray    0000000180011f30 f   CylinderSim_cgxe_registry.obj
 0001:00011050       ssWriteRTWStr              0000000180012050 f   CylinderSim_cgxe_registry.obj
 0001:000110b0       ssWriteRTWMxVectParam      00000001800120b0 f   CylinderSim_cgxe_registry.obj
 0001:00011110       ssWriteRTWMx2dMatParam     0000000180012110 f   CylinderSim_cgxe_registry.obj
 0001:00011190       ssWriteRTWNameValuePair    0000000180012190 f   CylinderSim_cgxe_registry.obj
 0001:00011680       ssWriteRTWParameters       0000000180012680 f   CylinderSim_cgxe_registry.obj
 0001:00011c80       ssWriteRTWParamSettings    0000000180012c80 f   CylinderSim_cgxe_registry.obj
 0001:00012350       ssWriteRTWWorkVect         0000000180013350 f   CylinderSim_cgxe_registry.obj
 0001:00012850       mexFunction                0000000180013850 f   CylinderSim_cgxe_registry.obj
 0001:00014bd6       mxGetString_700            0000000180015bd6 f   libmx:libmx.dll
 0001:00014bdc       mxGetPr                    0000000180015bdc f   libmx:libmx.dll
 0001:00014be2       mxGetData                  0000000180015be2 f   libmx:libmx.dll
 0001:00014be8       mxGetLogicals              0000000180015be8 f   libmx:libmx.dll
 0001:00014bee       mxSetCell_700              0000000180015bee f   libmx:libmx.dll
 0001:00014bf4       mxCreateCellMatrix_700     0000000180015bf4 f   libmx:libmx.dll
 0001:00014bfa       mxCreateString             0000000180015bfa f   libmx:libmx.dll
 0001:00014c00       mxGetClassID               0000000180015c00 f   libmx:libmx.dll
 0001:00014c06       mxIsChar                   0000000180015c06 f   libmx:libmx.dll
 0001:00014c0c       mxCreateDoubleMatrix_700   0000000180015c0c f   libmx:libmx.dll
 0001:00014c12       mxSetField_700             0000000180015c12 f   libmx:libmx.dll
 0001:00014c18       mxCreateStructMatrix_700   0000000180015c18 f   libmx:libmx.dll
 0001:00014c1e       mxCreateNumericMatrix_700  0000000180015c1e f   libmx:libmx.dll
 0001:00014c24       mxIsNumeric                0000000180015c24 f   libmx:libmx.dll
 0001:00014c2a       mxIsComplex                0000000180015c2a f   libmx:libmx.dll
 0001:00014c30       mxGetN                     0000000180015c30 f   libmx:libmx.dll
 0001:00014c36       mxGetM                     0000000180015c36 f   libmx:libmx.dll
 0001:00014c3c       mxCalloc                   0000000180015c3c f   libmx:libmx.dll
 0001:00014c42       mexWarnMsgTxt              0000000180015c42 f   libmex:libmex.dll
 0001:00014c48       mexCallMATLABWithObject    0000000180015c48 f   libmex:libmex.dll
 0001:00014c4e       mexPrintf                  0000000180015c4e f   libmex:libmex.dll
 0001:00014c54       mexUnlock                  0000000180015c54 f   libmex:libmex.dll
 0001:00014c5a       mexIsLocked                0000000180015c5a f   libmex:libmex.dll
 0001:00014c60       mexErrMsgTxt               0000000180015c60 f   libmex:libmex.dll
 0001:00014c66       muDoubleScalarSin          0000000180015c66 f   libmwmathutil:libmwmathutil.dll
 0001:00014c6c       muDoubleScalarCos          0000000180015c6c f   libmwmathutil:libmwmathutil.dll
 0001:00014c72       muDoubleScalarAbs          0000000180015c72 f   libmwmathutil:libmwmathutil.dll
 0001:00014c78       muDoubleScalarSign         0000000180015c78 f   libmwmathutil:libmwmathutil.dll
 0001:00014c7e       emlrtCreateSimulinkRootTLS 0000000180015c7e f   libemlrt:libemlrt.dll
 0001:00014c84       emlrtDestroyRootTLS        0000000180015c84 f   libemlrt:libemlrt.dll
 0001:00014c8a       emlrtRetrieveRunTimeError  0000000180015c8a f   libemlrt:libemlrt.dll
 0001:00014c90       emlrtSetJmpBuf             0000000180015c90 f   libemlrt:libemlrt.dll
 0001:00014c96       emlrtCreateLogicalScalar   0000000180015c96 f   libemlrt:libemlrt.dll
 0001:00014c9c       emlrtSetCell               0000000180015c9c f   libemlrt:libemlrt.dll
 0001:00014ca2       emlrtCreateNumericArray    0000000180015ca2 f   libemlrt:libemlrt.dll
 0001:00014ca8       emlrtCreateDoubleScalar    0000000180015ca8 f   libemlrt:libemlrt.dll
 0001:00014cae       emlrtAddField              0000000180015cae f   libemlrt:libemlrt.dll
 0001:00014cb4       emlrtCreateNumericMatrix   0000000180015cb4 f   libemlrt:libemlrt.dll
 0001:00014cba       emlrtCreateStructMatrix    0000000180015cba f   libemlrt:libemlrt.dll
 0001:00014cc0       emlrtAssign                0000000180015cc0 f   libemlrt:libemlrt.dll
 0001:00014cc6       emlrtCreateCellMatrix      0000000180015cc6 f   libemlrt:libemlrt.dll
 0001:00014ccc       emlrtAlias                 0000000180015ccc f   libemlrt:libemlrt.dll
 0001:00014cd2       emlrtDestroyArray          0000000180015cd2 f   libemlrt:libemlrt.dll
 0001:00014cd8       emlrtGetCell               0000000180015cd8 f   libemlrt:libemlrt.dll
 0001:00014cde       emlrtGetFieldR2013a        0000000180015cde f   libemlrt:libemlrt.dll
 0001:00014ce4       emlrtCheckStructR2012b     0000000180015ce4 f   libemlrt:libemlrt.dll
 0001:00014cea       emlrtCheckBuiltInR2012b    0000000180015cea f   libemlrt:libemlrt.dll
 0001:00014cf0       emlrtInitCharArrayR2013a   0000000180015cf0 f   libemlrt:libemlrt.dll
 0001:00014cf6       emlrtCreateCharArray       0000000180015cf6 f   libemlrt:libemlrt.dll
 0001:00014cfc       emlrtCallMATLABR2012b      0000000180015cfc f   libemlrt:libemlrt.dll
 0001:00014d02       emlrtNameCapturePostProcessR2013b 0000000180015d02 f   libemlrt:libemlrt.dll
 0001:00014d08       emlrtCreateString          0000000180015d08 f   libemlrt:libemlrt.dll
 0001:00014d0e       emlrtCreateStructArray     0000000180015d0e f   libemlrt:libemlrt.dll
 0001:00014d14       covrtLogBasicBlock         0000000180015d14 f   libcovrt:libcovrt.dll
 0001:00014d1a       covrtLogFcn                0000000180015d1a f   libcovrt:libcovrt.dll
 0001:00014d20       covrtScriptStart           0000000180015d20 f   libcovrt:libcovrt.dll
 0001:00014d26       covrtIfInit                0000000180015d26 f   libcovrt:libcovrt.dll
 0001:00014d2c       covrtBasicBlockInit        0000000180015d2c f   libcovrt:libcovrt.dll
 0001:00014d32       covrtFcnInit               0000000180015d32 f   libcovrt:libcovrt.dll
 0001:00014d38       covrtScriptInit            0000000180015d38 f   libcovrt:libcovrt.dll
 0001:00014d3e       covrtAllocateInstanceData  0000000180015d3e f   libcovrt:libcovrt.dll
 0001:00014d44       covrtLogIf                 0000000180015d44 f   libcovrt:libcovrt.dll
 0001:00014d4a       covrtFreeInstanceData      0000000180015d4a f   libcovrt:libcovrt.dll
 0001:00014d50       __GSHandlerCheckCommon     0000000180015d50 f   MSVCRT:gshandler.obj
 0001:00014db4       __GSHandlerCheck           0000000180015db4 f   MSVCRT:gshandler.obj
 0001:00014dd2       strcmp                     0000000180015dd2 f   MSVCRT:MSVCR100.dll
 0001:00014df0       __security_check_cookie    0000000180015df0 f   MSVCRT:amdsecgs.obj
 0001:00014e10       _setjmp                    0000000180015e10 f   MSVCRT:MSVCR100.dll
 0001:00014e16       calloc                     0000000180015e16 f   MSVCRT:MSVCR100.dll
 0001:00014e1c       free                       0000000180015e1c f   MSVCRT:MSVCR100.dll
 0001:00014e22       sprintf                    0000000180015e22 f   MSVCRT:MSVCR100.dll
 0001:00014e28       malloc                     0000000180015e28 f   MSVCRT:MSVCR100.dll
 0001:00014e2e       strlen                     0000000180015e2e f   MSVCRT:MSVCR100.dll
 0001:00014e34       strcat                     0000000180015e34 f   MSVCRT:MSVCR100.dll
 0001:00014e3a       memcpy                     0000000180015e3a f   MSVCRT:MSVCR100.dll
 0001:00014e40       NtCurrentTeb               0000000180015e40 f i MSVCRT:crtdll.obj
 0001:00014eac       _CRT_INIT                  0000000180015eac f   MSVCRT:crtdll.obj
 0001:00015244       _DllMainCRTStartup         0000000180016244 f   MSVCRT:crtdll.obj
 0001:00015284       __report_gsfailure         0000000180016284 f   MSVCRT:gs_report.obj
 0001:000153d0       __clean_type_info_names    00000001800163d0 f   MSVCRT:tncleanup.obj
 0001:000153dc       _onexit                    00000001800163dc f   MSVCRT:atonexit.obj
 0001:0001548c       atexit                     000000018001648c f   MSVCRT:atonexit.obj
 0001:000154a4       _RTC_Initialize            00000001800164a4 f   MSVCRT:_initsect_.obj
 0001:000154dc       _RTC_Terminate             00000001800164dc f   MSVCRT:_initsect_.obj
 0001:00015514       _malloc_crt                0000000180016514 f   MSVCRT:MSVCR100.dll
 0001:00015520       _ValidateImageBase         0000000180016520 f   MSVCRT:pesect.obj
 0001:00015550       _FindPESection             0000000180016550 f   MSVCRT:pesect.obj
 0001:000155a0       _IsNonwritableInCurrentImage 00000001800165a0 f   MSVCRT:pesect.obj
 0001:000155e2       _initterm                  00000001800165e2 f   MSVCRT:MSVCR100.dll
 0001:000155e8       _initterm_e                00000001800165e8 f   MSVCRT:MSVCR100.dll
 0001:000155ee       _encoded_null              00000001800165ee f   MSVCRT:MSVCR100.dll
 0001:000155f4       _amsg_exit                 00000001800165f4 f   MSVCRT:MSVCR100.dll
 0001:000155fa       __C_specific_handler       00000001800165fa f   MSVCRT:MSVCR100.dll
 0001:00015600       __CppXcptFilter            0000000180016600 f   MSVCRT:MSVCR100.dll
 0001:00015608       DllMain                    0000000180016608 f   MSVCRT:dllmain.obj
 0001:0001562c       __security_init_cookie     000000018001662c f   MSVCRT:gs_support.obj
 0001:000156e0       __crt_debugger_hook        00000001800166e0 f   MSVCRT:MSVCR100.dll
 0001:000156e6       __clean_type_info_names_internal 00000001800166e6 f   MSVCRT:MSVCR100.dll
 0001:000156ec       _unlock                    00000001800166ec f   MSVCRT:MSVCR100.dll
 0001:000156f2       __dllonexit                00000001800166f2 f   MSVCRT:MSVCR100.dll
 0001:000156f8       _lock                      00000001800166f8 f   MSVCRT:MSVCR100.dll
 0001:000156fe       EncodePointer              00000001800166fe f   kernel32:KERNEL32.dll
 0001:00015704       DecodePointer              0000000180016704 f   kernel32:KERNEL32.dll
 0001:0001570a       Sleep                      000000018001670a f   kernel32:KERNEL32.dll
 0001:00015710       TerminateProcess           0000000180016710 f   kernel32:KERNEL32.dll
 0001:00015716       GetCurrentProcess          0000000180016716 f   kernel32:KERNEL32.dll
 0001:0001571c       UnhandledExceptionFilter   000000018001671c f   kernel32:KERNEL32.dll
 0001:00015722       SetUnhandledExceptionFilter 0000000180016722 f   kernel32:KERNEL32.dll
 0001:00015728       IsDebuggerPresent          0000000180016728 f   kernel32:KERNEL32.dll
 0001:0001572e       RtlVirtualUnwind           000000018001672e f   kernel32:KERNEL32.dll
 0001:00015734       RtlLookupFunctionEntry     0000000180016734 f   kernel32:KERNEL32.dll
 0001:0001573a       RtlCaptureContext          000000018001673a f   kernel32:KERNEL32.dll
 0001:00015740       DisableThreadLibraryCalls  0000000180016740 f   kernel32:KERNEL32.dll
 0001:00015746       QueryPerformanceCounter    0000000180016746 f   kernel32:KERNEL32.dll
 0001:0001574c       GetTickCount               000000018001674c f   kernel32:KERNEL32.dll
 0001:00015752       GetCurrentThreadId         0000000180016752 f   kernel32:KERNEL32.dll
 0001:00015758       GetCurrentProcessId        0000000180016758 f   kernel32:KERNEL32.dll
 0001:0001575e       GetSystemTimeAsFileTime    000000018001675e f   kernel32:KERNEL32.dll
 0002:00000000       __imp_GetSystemTimeAsFileTime 0000000180017000     kernel32:KERNEL32.dll
 0002:00000008       __imp_GetCurrentProcessId  0000000180017008     kernel32:KERNEL32.dll
 0002:00000010       __imp_GetCurrentThreadId   0000000180017010     kernel32:KERNEL32.dll
 0002:00000018       __imp_GetTickCount         0000000180017018     kernel32:KERNEL32.dll
 0002:00000020       __imp_QueryPerformanceCounter 0000000180017020     kernel32:KERNEL32.dll
 0002:00000028       __imp_DisableThreadLibraryCalls 0000000180017028     kernel32:KERNEL32.dll
 0002:00000030       __imp_RtlCaptureContext    0000000180017030     kernel32:KERNEL32.dll
 0002:00000038       __imp_RtlLookupFunctionEntry 0000000180017038     kernel32:KERNEL32.dll
 0002:00000040       __imp_RtlVirtualUnwind     0000000180017040     kernel32:KERNEL32.dll
 0002:00000048       __imp_IsDebuggerPresent    0000000180017048     kernel32:KERNEL32.dll
 0002:00000050       __imp_SetUnhandledExceptionFilter 0000000180017050     kernel32:KERNEL32.dll
 0002:00000058       __imp_UnhandledExceptionFilter 0000000180017058     kernel32:KERNEL32.dll
 0002:00000060       __imp_GetCurrentProcess    0000000180017060     kernel32:KERNEL32.dll
 0002:00000068       __imp_TerminateProcess     0000000180017068     kernel32:KERNEL32.dll
 0002:00000070       __imp_Sleep                0000000180017070     kernel32:KERNEL32.dll
 0002:00000078       __imp_DecodePointer        0000000180017078     kernel32:KERNEL32.dll
 0002:00000080       __imp_EncodePointer        0000000180017080     kernel32:KERNEL32.dll
 0002:00000088       \177KERNEL32_NULL_THUNK_DATA 0000000180017088     kernel32:KERNEL32.dll
 0002:00000090       __imp__onexit              0000000180017090     MSVCRT:MSVCR100.dll
 0002:00000098       __imp__lock                0000000180017098     MSVCRT:MSVCR100.dll
 0002:000000a0       __imp___dllonexit          00000001800170a0     MSVCRT:MSVCR100.dll
 0002:000000a8       __imp__unlock              00000001800170a8     MSVCRT:MSVCR100.dll
 0002:000000b0       __imp___clean_type_info_names_internal 00000001800170b0     MSVCRT:MSVCR100.dll
 0002:000000b8       __imp___crt_debugger_hook  00000001800170b8     MSVCRT:MSVCR100.dll
 0002:000000c0       __imp___CppXcptFilter      00000001800170c0     MSVCRT:MSVCR100.dll
 0002:000000c8       __imp___C_specific_handler 00000001800170c8     MSVCRT:MSVCR100.dll
 0002:000000d0       __imp__amsg_exit           00000001800170d0     MSVCRT:MSVCR100.dll
 0002:000000d8       __imp__encoded_null        00000001800170d8     MSVCRT:MSVCR100.dll
 0002:000000e0       __imp__initterm_e          00000001800170e0     MSVCRT:MSVCR100.dll
 0002:000000e8       __imp__initterm            00000001800170e8     MSVCRT:MSVCR100.dll
 0002:000000f0       __imp_memcpy               00000001800170f0     MSVCRT:MSVCR100.dll
 0002:000000f8       __imp_strcat               00000001800170f8     MSVCRT:MSVCR100.dll
 0002:00000100       __imp_strlen               0000000180017100     MSVCRT:MSVCR100.dll
 0002:00000108       __imp_malloc               0000000180017108     MSVCRT:MSVCR100.dll
 0002:00000110       __imp_sprintf              0000000180017110     MSVCRT:MSVCR100.dll
 0002:00000118       __imp_free                 0000000180017118     MSVCRT:MSVCR100.dll
 0002:00000120       __imp_calloc               0000000180017120     MSVCRT:MSVCR100.dll
 0002:00000128       __imp__setjmp              0000000180017128     MSVCRT:MSVCR100.dll
 0002:00000130       __imp__malloc_crt          0000000180017130     MSVCRT:MSVCR100.dll
 0002:00000138       __imp_strcmp               0000000180017138     MSVCRT:MSVCR100.dll
 0002:00000140       \177MSVCR100_NULL_THUNK_DATA 0000000180017140     MSVCRT:MSVCR100.dll
 0002:00000148       __imp_covrtScriptStart     0000000180017148     libcovrt:libcovrt.dll
 0002:00000150       __imp_covrtFreeInstanceData 0000000180017150     libcovrt:libcovrt.dll
 0002:00000158       __imp_covrtLogIf           0000000180017158     libcovrt:libcovrt.dll
 0002:00000160       __imp_covrtAllocateInstanceData 0000000180017160     libcovrt:libcovrt.dll
 0002:00000168       __imp_covrtScriptInit      0000000180017168     libcovrt:libcovrt.dll
 0002:00000170       __imp_covrtFcnInit         0000000180017170     libcovrt:libcovrt.dll
 0002:00000178       __imp_covrtBasicBlockInit  0000000180017178     libcovrt:libcovrt.dll
 0002:00000180       __imp_covrtIfInit          0000000180017180     libcovrt:libcovrt.dll
 0002:00000188       __imp_covrtLogFcn          0000000180017188     libcovrt:libcovrt.dll
 0002:00000190       __imp_covrtLogBasicBlock   0000000180017190     libcovrt:libcovrt.dll
 0002:00000198       \177libcovrt_NULL_THUNK_DATA 0000000180017198     libcovrt:libcovrt.dll
 0002:000001a0       __imp_emlrtCallMATLABR2012b 00000001800171a0     libemlrt:libemlrt.dll
 0002:000001a8       __imp_emlrtNameCapturePostProcessR2013b 00000001800171a8     libemlrt:libemlrt.dll
 0002:000001b0       __imp_emlrtCreateCharArray 00000001800171b0     libemlrt:libemlrt.dll
 0002:000001b8       __imp_emlrtCreateStructArray 00000001800171b8     libemlrt:libemlrt.dll
 0002:000001c0       __imp_emlrtInitCharArrayR2013a 00000001800171c0     libemlrt:libemlrt.dll
 0002:000001c8       __imp_emlrtCheckBuiltInR2012b 00000001800171c8     libemlrt:libemlrt.dll
 0002:000001d0       __imp_emlrtCreateStructMatrix 00000001800171d0     libemlrt:libemlrt.dll
 0002:000001d8       __imp_emlrtCheckStructR2012b 00000001800171d8     libemlrt:libemlrt.dll
 0002:000001e0       __imp_emlrtGetFieldR2013a  00000001800171e0     libemlrt:libemlrt.dll
 0002:000001e8       __imp_emlrtGetCell         00000001800171e8     libemlrt:libemlrt.dll
 0002:000001f0       __imp_emlrtDestroyArray    00000001800171f0     libemlrt:libemlrt.dll
 0002:000001f8       __imp_emlrtAlias           00000001800171f8     libemlrt:libemlrt.dll
 0002:00000200       __imp_emlrtCreateCellMatrix 0000000180017200     libemlrt:libemlrt.dll
 0002:00000208       __imp_emlrtAssign          0000000180017208     libemlrt:libemlrt.dll
 0002:00000210       __imp_emlrtCreateString    0000000180017210     libemlrt:libemlrt.dll
 0002:00000218       __imp_emlrtCreateNumericMatrix 0000000180017218     libemlrt:libemlrt.dll
 0002:00000220       __imp_emlrtCreateDoubleScalar 0000000180017220     libemlrt:libemlrt.dll
 0002:00000228       __imp_emlrtCreateNumericArray 0000000180017228     libemlrt:libemlrt.dll
 0002:00000230       __imp_emlrtSetCell         0000000180017230     libemlrt:libemlrt.dll
 0002:00000238       __imp_emlrtCreateLogicalScalar 0000000180017238     libemlrt:libemlrt.dll
 0002:00000240       __imp_emlrtSetJmpBuf       0000000180017240     libemlrt:libemlrt.dll
 0002:00000248       __imp_emlrtRetrieveRunTimeError 0000000180017248     libemlrt:libemlrt.dll
 0002:00000250       __imp_emlrtDestroyRootTLS  0000000180017250     libemlrt:libemlrt.dll
 0002:00000258       __imp_emlrtCreateSimulinkRootTLS 0000000180017258     libemlrt:libemlrt.dll
 0002:00000260       __imp_emlrtAddField        0000000180017260     libemlrt:libemlrt.dll
 0002:00000268       \177libemlrt_NULL_THUNK_DATA 0000000180017268     libemlrt:libemlrt.dll
 0002:00000270       __imp_mexErrMsgTxt         0000000180017270     libmex:libmex.dll
 0002:00000278       __imp_mexCallMATLABWithObject 0000000180017278     libmex:libmex.dll
 0002:00000280       __imp_mexPrintf            0000000180017280     libmex:libmex.dll
 0002:00000288       __imp_mexUnlock            0000000180017288     libmex:libmex.dll
 0002:00000290       __imp_mexIsLocked          0000000180017290     libmex:libmex.dll
 0002:00000298       __imp_mexWarnMsgTxt        0000000180017298     libmex:libmex.dll
 0002:000002a0       \177libmex_NULL_THUNK_DATA 00000001800172a0     libmex:libmex.dll
 0002:000002a8       __imp_muDoubleScalarCos    00000001800172a8     libmwmathutil:libmwmathutil.dll
 0002:000002b0       __imp_muDoubleScalarAbs    00000001800172b0     libmwmathutil:libmwmathutil.dll
 0002:000002b8       __imp_muDoubleScalarSign   00000001800172b8     libmwmathutil:libmwmathutil.dll
 0002:000002c0       __imp_muDoubleScalarSin    00000001800172c0     libmwmathutil:libmwmathutil.dll
 0002:000002c8       \177libmwmathutil_NULL_THUNK_DATA 00000001800172c8     libmwmathutil:libmwmathutil.dll
 0002:000002d0       __imp_mxCalloc             00000001800172d0     libmx:libmx.dll
 0002:000002d8       __imp_mxGetM               00000001800172d8     libmx:libmx.dll
 0002:000002e0       __imp_mxGetN               00000001800172e0     libmx:libmx.dll
 0002:000002e8       __imp_mxIsComplex          00000001800172e8     libmx:libmx.dll
 0002:000002f0       __imp_mxIsNumeric          00000001800172f0     libmx:libmx.dll
 0002:000002f8       __imp_mxCreateNumericMatrix_700 00000001800172f8     libmx:libmx.dll
 0002:00000300       __imp_mxCreateStructMatrix_700 0000000180017300     libmx:libmx.dll
 0002:00000308       __imp_mxSetField_700       0000000180017308     libmx:libmx.dll
 0002:00000310       __imp_mxCreateDoubleMatrix_700 0000000180017310     libmx:libmx.dll
 0002:00000318       __imp_mxIsChar             0000000180017318     libmx:libmx.dll
 0002:00000320       __imp_mxGetClassID         0000000180017320     libmx:libmx.dll
 0002:00000328       __imp_mxCreateString       0000000180017328     libmx:libmx.dll
 0002:00000330       __imp_mxCreateCellMatrix_700 0000000180017330     libmx:libmx.dll
 0002:00000338       __imp_mxSetCell_700        0000000180017338     libmx:libmx.dll
 0002:00000340       __imp_mxGetLogicals        0000000180017340     libmx:libmx.dll
 0002:00000348       __imp_mxGetData            0000000180017348     libmx:libmx.dll
 0002:00000350       __imp_mxGetPr              0000000180017350     libmx:libmx.dll
 0002:00000358       __imp_mxGetString_700      0000000180017358     libmx:libmx.dll
 0002:00000360       \177libmx_NULL_THUNK_DATA  0000000180017360     libmx:libmx.dll
 0002:00000368       __xc_a                     0000000180017368     MSVCRT:cinitexe.obj
 0002:00000370       __xc_z                     0000000180017370     MSVCRT:cinitexe.obj
 0002:00000378       __xi_a                     0000000180017378     MSVCRT:cinitexe.obj
 0002:00000388       __xi_z                     0000000180017388     MSVCRT:cinitexe.obj
 0002:00000448       __real@3fe5555555555555    0000000180017448     m_eJG1O6WbMNFUvHWZ3mwzSC.obj
 0002:00000450       __real@4000000000000000    0000000180017450     m_eJG1O6WbMNFUvHWZ3mwzSC.obj
 0002:00000458       __real@3fdeb851eb851eb8    0000000180017458     m_eJG1O6WbMNFUvHWZ3mwzSC.obj
 0002:00000460       __real@3fe0000000000000    0000000180017460     m_eJG1O6WbMNFUvHWZ3mwzSC.obj
 0002:00000468       __real@40239eb851eb851f    0000000180017468     m_eJG1O6WbMNFUvHWZ3mwzSC.obj
 0002:00000470       __real@3f689374bc6a7efa    0000000180017470     m_eJG1O6WbMNFUvHWZ3mwzSC.obj
 0002:00000478       __real@3f947ae147ae147b    0000000180017478     m_eJG1O6WbMNFUvHWZ3mwzSC.obj
 0002:00000480       __mask@@NegDouble@         0000000180017480     m_eJG1O6WbMNFUvHWZ3mwzSC.obj
 0002:00000490       DYNAMIC_DIMENSION_DEF      0000000180017490     CylinderSim_cgxe_registry.obj
 0002:000004b0       _ssBadLevel2InputAccessMsg 00000001800174b0     CylinderSim_cgxe_registry.obj
 0002:00000640       _ssBadLevel2DirectFeedMsg  0000000180017640     CylinderSim_cgxe_registry.obj
 0002:00000780       _ssBadLevel2DirectFeedSolutionMsg 0000000180017780     CylinderSim_cgxe_registry.obj
 0002:000007f0       _ssBadLevel2ZeroDirectFeedMsg 00000001800177f0     CylinderSim_cgxe_registry.obj
 0002:00000930       _ssBadLevel2ZeroDirectFeedMsg2 0000000180017930     CylinderSim_cgxe_registry.obj
 0002:00000a18       __real@0000000000000000    0000000180017a18     CylinderSim_cgxe_registry.obj
 0002:00000a20       __real@bff0000000000000    0000000180017a20     CylinderSim_cgxe_registry.obj
 0002:00000a28       __real@41cb047956000000    0000000180017a28     CylinderSim_cgxe_registry.obj
 0002:00000a30       __real@41ed0c47abe00000    0000000180017a30     CylinderSim_cgxe_registry.obj
 0002:00000a38       __real@41cf65bd56000000    0000000180017a38     CylinderSim_cgxe_registry.obj
 0002:00000a40       __real@41ea33fbb4200000    0000000180017a40     CylinderSim_cgxe_registry.obj
 0002:00000a48       __real@41dcd0098d400000    0000000180017a48     CylinderSim_cgxe_registry.obj
 0002:00000a50       __real@41e704b96b000000    0000000180017a50     CylinderSim_cgxe_registry.obj
 0002:00000a58       __real@41bb93748c000000    0000000180017a58     CylinderSim_cgxe_registry.obj
 0002:00000a60       __real@41ef4ccd0ce00000    0000000180017a60     CylinderSim_cgxe_registry.obj
 0002:00000a68       __real@41b7b71f9d000000    0000000180017a68     CylinderSim_cgxe_registry.obj
 0002:00000a70       __real@41eb8593c1000000    0000000180017a70     CylinderSim_cgxe_registry.obj
 0002:00000a78       __real@41efed36c9a00000    0000000180017a78     CylinderSim_cgxe_registry.obj
 0002:00000a80       __real@41c560cca0800000    0000000180017a80     CylinderSim_cgxe_registry.obj
 0002:00000a88       __real@41ca22d1b2800000    0000000180017a88     CylinderSim_cgxe_registry.obj
 0002:00000a90       __real@41ed4da7de400000    0000000180017a90     CylinderSim_cgxe_registry.obj
 0002:00000a98       __real@41dc1c9f0f000000    0000000180017a98     CylinderSim_cgxe_registry.obj
 0002:00000aa0       __real@41ee2386d3e00000    0000000180017aa0     CylinderSim_cgxe_registry.obj
 0002:00000aa8       __real@41602cbca0000000    0000000180017aa8     CylinderSim_cgxe_registry.obj
 0002:00000ab0       _pDefaultRawDllMain        0000000180017ab0     MSVCRT:crtdll.obj
 0002:00000ab0       _pRawDllMain               0000000180017ab0     MSVCRT:crtdll.obj
 0002:00000ac8       ?ProcessDetach@NativeDll@<CrtImplementationDetails>@@0IB 0000000180017ac8     MSVCRT:tncleanup.obj
 0002:00000acc       ?ProcessAttach@NativeDll@<CrtImplementationDetails>@@0IB 0000000180017acc     MSVCRT:tncleanup.obj
 0002:00000ad0       ?ThreadAttach@NativeDll@<CrtImplementationDetails>@@0IB 0000000180017ad0     MSVCRT:tncleanup.obj
 0002:00000ad4       ?ThreadDetach@NativeDll@<CrtImplementationDetails>@@0IB 0000000180017ad4     MSVCRT:tncleanup.obj
 0002:00000ad8       ?ProcessVerifier@NativeDll@<CrtImplementationDetails>@@0IB 0000000180017ad8     MSVCRT:tncleanup.obj
 0002:00000ae0       __rtc_iaa                  0000000180017ae0     MSVCRT:_initsect_.obj
 0002:00000ae8       __rtc_izz                  0000000180017ae8     MSVCRT:_initsect_.obj
 0002:00000af0       __rtc_taa                  0000000180017af0     MSVCRT:_initsect_.obj
 0002:00000af8       __rtc_tzz                  0000000180017af8     MSVCRT:_initsect_.obj
 0002:000010c8       __IMPORT_DESCRIPTOR_libmx  00000001800180c8     libmx:libmx.dll
 0002:000010dc       __IMPORT_DESCRIPTOR_libmex 00000001800180dc     libmex:libmex.dll
 0002:000010f0       __IMPORT_DESCRIPTOR_libmwmathutil 00000001800180f0     libmwmathutil:libmwmathutil.dll
 0002:00001104       __IMPORT_DESCRIPTOR_libemlrt 0000000180018104     libemlrt:libemlrt.dll
 0002:00001118       __IMPORT_DESCRIPTOR_libcovrt 0000000180018118     libcovrt:libcovrt.dll
 0002:0000112c       __IMPORT_DESCRIPTOR_MSVCR100 000000018001812c     MSVCRT:MSVCR100.dll
 0002:00001140       __IMPORT_DESCRIPTOR_KERNEL32 0000000180018140     kernel32:KERNEL32.dll
 0002:00001154       __NULL_IMPORT_DESCRIPTOR   0000000180018154     libmx:libmx.dll
 0003:00000000       emlrtContextGlobal         0000000180019000     CylinderSim_cgxe.obj
 0003:00007000       DYNAMIC_DIMENSION          0000000180020000     CylinderSim_cgxe_registry.obj
 0003:00007c90       __security_cookie          0000000180020c90     MSVCRT:gs_cookie.obj
 0003:00007c98       __security_cookie_complement 0000000180020c98     MSVCRT:gs_cookie.obj
 0003:00007ca0       _fltused                   0000000180020ca0     MSVCRT:dllsupp.obj
 0003:00007ca4       __native_dllmain_reason    0000000180020ca4     MSVCRT:natstart.obj
 0003:00007ca8       __native_vcclrit_reason    0000000180020ca8     MSVCRT:natstart.obj
 0003:00007cc8       emlrtRootTLSGlobal         0000000180020cc8     CylinderSim_cgxe.obj
 0003:00008330       ?__type_info_root_node@@3U__type_info_node@@A 0000000180021330     MSVCRT:tncleanup.obj
 0003:00008340       cgxeRtErrBuf               0000000180021340     <common>
 0003:00009340       __native_startup_state     0000000180022340     <common>
 0003:00009348       __native_startup_lock      0000000180022348     <common>
 0003:00009350       __onexitend                0000000180022350     <common>
 0003:00009358       __onexitbegin              0000000180022358     <common>
 0003:00009360       __dyn_tls_init_callback    0000000180022360     <common>

 entry point at        0001:00015244

 Static symbols

 0001:00000240       getSimState_eJG1O6WbMNFUvHWZ3mwzSC 0000000180001240 f   m_eJG1O6WbMNFUvHWZ3mwzSC.obj
 0001:00000310       mw__internal__getSimState__fcn 0000000180001310 f   m_eJG1O6WbMNFUvHWZ3mwzSC.obj
 0001:00000a30       setSimState_eJG1O6WbMNFUvHWZ3mwzSC 0000000180001a30 f   m_eJG1O6WbMNFUvHWZ3mwzSC.obj
 0001:00000b10       mw__internal__setSimState__fcn 0000000180001b10 f   m_eJG1O6WbMNFUvHWZ3mwzSC.obj
 0001:00000be0       emlrt_marshallIn           0000000180001be0 f   m_eJG1O6WbMNFUvHWZ3mwzSC.obj
 0001:00000c40       b_emlrt_marshallIn         0000000180001c40 f   m_eJG1O6WbMNFUvHWZ3mwzSC.obj
 0001:000011a0       c_emlrt_marshallIn         00000001800021a0 f   m_eJG1O6WbMNFUvHWZ3mwzSC.obj
 0001:000011f0       d_emlrt_marshallIn         00000001800021f0 f   m_eJG1O6WbMNFUvHWZ3mwzSC.obj
 0001:00001240       e_emlrt_marshallIn         0000000180002240 f   m_eJG1O6WbMNFUvHWZ3mwzSC.obj
 0001:00001290       f_emlrt_marshallIn         0000000180002290 f   m_eJG1O6WbMNFUvHWZ3mwzSC.obj
 0001:000012f0       g_emlrt_marshallIn         00000001800022f0 f   m_eJG1O6WbMNFUvHWZ3mwzSC.obj
 0001:00001340       h_emlrt_marshallIn         0000000180002340 f   m_eJG1O6WbMNFUvHWZ3mwzSC.obj
 0001:000013b0       i_emlrt_marshallIn         00000001800023b0 f   m_eJG1O6WbMNFUvHWZ3mwzSC.obj
 0001:00001420       j_emlrt_marshallIn         0000000180002420 f   m_eJG1O6WbMNFUvHWZ3mwzSC.obj
 0001:000014d0       k_emlrt_marshallIn         00000001800024d0 f   m_eJG1O6WbMNFUvHWZ3mwzSC.obj
 0001:00001540       mdlStart_eJG1O6WbMNFUvHWZ3mwzSC 0000000180002540 f   m_eJG1O6WbMNFUvHWZ3mwzSC.obj
 0001:000016c0       cgxe_mdl_start             00000001800026c0 f   m_eJG1O6WbMNFUvHWZ3mwzSC.obj
 0001:000026e0       message                    00000001800036e0 f   m_eJG1O6WbMNFUvHWZ3mwzSC.obj
 0001:00002760       error                      0000000180003760 f   m_eJG1O6WbMNFUvHWZ3mwzSC.obj
 0001:000027c0       mdlOutputs_eJG1O6WbMNFUvHWZ3mwzSC 00000001800037c0 f   m_eJG1O6WbMNFUvHWZ3mwzSC.obj
 0001:00002890       cgxe_mdl_outputs           0000000180003890 f   m_eJG1O6WbMNFUvHWZ3mwzSC.obj
 0001:00004c30       mdlInitialize_eJG1O6WbMNFUvHWZ3mwzSC 0000000180005c30 f   m_eJG1O6WbMNFUvHWZ3mwzSC.obj
 0001:00004d00       cgxe_mdl_initialize        0000000180005d00 f   m_eJG1O6WbMNFUvHWZ3mwzSC.obj
 0001:000057e0       mdlUpdate_eJG1O6WbMNFUvHWZ3mwzSC 00000001800067e0 f   m_eJG1O6WbMNFUvHWZ3mwzSC.obj
 0001:000058b0       cgxe_mdl_update            00000001800068b0 f   m_eJG1O6WbMNFUvHWZ3mwzSC.obj
 0001:000058c0       mdlTerminate_eJG1O6WbMNFUvHWZ3mwzSC 00000001800068c0 f   m_eJG1O6WbMNFUvHWZ3mwzSC.obj
 0001:000059b0       cgxe_mdl_terminate         00000001800069b0 f   m_eJG1O6WbMNFUvHWZ3mwzSC.obj
 0001:000064e0       mdlProcessParameters_eJG1O6WbMNFUvHWZ3mwzSC 00000001800074e0 f   m_eJG1O6WbMNFUvHWZ3mwzSC.obj
 0001:00006560       mw__internal__name__resolution__fcn 0000000180007560 f   m_eJG1O6WbMNFUvHWZ3mwzSC.obj
 0001:000065c0       info_helper                00000001800075c0 f   m_eJG1O6WbMNFUvHWZ3mwzSC.obj
 0001:0000b380       emlrt_marshallOut          000000018000c380 f   m_eJG1O6WbMNFUvHWZ3mwzSC.obj
 0001:0000b3c0       b_emlrt_marshallOut        000000018000c3c0 f   m_eJG1O6WbMNFUvHWZ3mwzSC.obj
 0001:0000b420       b_info_helper              000000018000c420 f   m_eJG1O6WbMNFUvHWZ3mwzSC.obj
 0001:0000d2a0       mw__internal__autoInference__fcn 000000018000e2a0 f   m_eJG1O6WbMNFUvHWZ3mwzSC.obj
 0001:00010940       _ssFatalError              0000000180011940 f   CylinderSim_cgxe_registry.obj
 0001:00013890       mdlStart                   0000000180014890 f   CylinderSim_cgxe_registry.obj
 0001:000138d0       mdlInitializeConditions    00000001800148d0 f   CylinderSim_cgxe_registry.obj
 0001:000138f0       mdlUpdate                  00000001800148f0 f   CylinderSim_cgxe_registry.obj
 0001:00013920       mdlOutputs                 0000000180014920 f   CylinderSim_cgxe_registry.obj
 0001:00013950       mdlTerminate               0000000180014950 f   CylinderSim_cgxe_registry.obj
 0001:00013970       mdlInitializeSampleTimes   0000000180014970 f   CylinderSim_cgxe_registry.obj
 0001:00013980       ProcessMexSfunctionCmdLineCall 0000000180014980 f   CylinderSim_cgxe_registry.obj
 0001:00013c00       cgxe_process_get_checksums 0000000180014c00 f   CylinderSim_cgxe_registry.obj
 0001:00013ee0       cgxe_get_supported_modules 0000000180014ee0 f   CylinderSim_cgxe_registry.obj
 0001:00013f90       cgxe_mex_unlock_call       0000000180014f90 f   CylinderSim_cgxe_registry.obj
 0001:00013fd0       cgxe_get_sim_state         0000000180014fd0 f   CylinderSim_cgxe_registry.obj
 0001:00014040       cgxe_unpack_simstruct      0000000180015040 f   CylinderSim_cgxe_registry.obj
 0001:000140e0       cgxe_set_sim_state         00000001800150e0 f   CylinderSim_cgxe_registry.obj
 0001:00014150       cgxe_get_BuildInfoUpdate   0000000180015150 f   CylinderSim_cgxe_registry.obj
 0001:000141f0       mdlZeroCrossings           00000001800151f0 f   CylinderSim_cgxe_registry.obj
 0001:00014240       mdlGetTimeOfNextVarHit     0000000180015240 f   CylinderSim_cgxe_registry.obj
 0001:00014290       _ProcessMexSfunctionCmdLineCall 0000000180015290 f   CylinderSim_cgxe_registry.obj
 0001:00014940       mdlInitializeSizes         0000000180015940 f   CylinderSim_cgxe_registry.obj
 0001:00014950       _CreateSimStruct           0000000180015950 f   CylinderSim_cgxe_registry.obj
 0001:00014ae0       _RegNumInputPortsCB        0000000180015ae0 f   CylinderSim_cgxe_registry.obj
 0001:00014b60       _RegNumOutputPortsCB       0000000180015b60 f   CylinderSim_cgxe_registry.obj
 0001:00014e4c       pre_c_init                 0000000180015e4c f   MSVCRT:crtdll.obj
 0001:00015108       __DllMainCRTStartup        0000000180016108 f   MSVCRT:crtdll.obj
 0001:00015770       __DllMainCRTStartup$filt$0 0000000180016770 f   MSVCRT:crtdll.obj
 0001:000157a0       __DllMainCRTStartup$fin$1  00000001800167a0 f   MSVCRT:crtdll.obj
 0001:000157ba       _onexit$fin$0              00000001800167ba f   MSVCRT:atonexit.obj
 0001:000157e0       _IsNonwritableInCurrentImage$filt$0 00000001800167e0 f   MSVCRT:pesect.obj
