 CylinderSim_cgxe

 Timestamp is 5704aad2 (Wed Apr 06 01:21:06 2016)

 Preferred load address is 0000000180000000

 Start         Length     Name                   Class
 0001:00000000 000156b4H .text                   CODE
 0001:000156c0 00000092H .text$x                 CODE
 0002:00000000 00000368H .idata$5                DATA
 0002:00000368 00000008H .CRT$XCA                DATA
 0002:00000370 00000008H .CRT$XCZ                DATA
 0002:00000378 00000008H .CRT$XIA                DATA
 0002:00000380 00000008H .CRT$XIAA               DATA
 0002:00000388 00000008H .CRT$XIZ                DATA
 0002:00000390 0000074cH .rdata                  DATA
 0002:00000ae0 00000008H .rtc$IAA                DATA
 0002:00000ae8 00000008H .rtc$IZZ                DATA
 0002:00000af0 00000008H .rtc$TAA                DATA
 0002:00000af8 00000008H .rtc$TZZ                DATA
 0002:00000b00 000005c8H .xdata                  DATA
 0002:000010c8 0000008cH .idata$2                DATA
 0002:00001154 00000014H .idata$3                DATA
 0002:00001168 00000368H .idata$4                DATA
 0002:000014d0 000007e4H .idata$6                DATA
 0002:00001cc0 00000056H .edata                  DATA
 0003:00000000 00007cacH .data                   DATA
 0003:00007cc0 000016a8H .bss                    DATA
 0004:00000000 0000069cH .pdata                  DATA

  Address         Publics by Value              Rva+Base               Lib:Object

 0000:00000000       ___safe_se_handler_table   0000000000000000     <absolute>
 0000:00000000       ___safe_se_handler_count   0000000000000000     <absolute>
 0000:00000000       __ImageBase                0000000180000000     <linker-defined>
 0001:00000000       cgxe_CylinderSim_initializer 0000000180001000 f   CylinderSim_cgxe.obj
 0001:00000060       cgxe_CylinderSim_terminator 0000000180001060 f   CylinderSim_cgxe.obj
 0001:000000a0       cgxe_CylinderSim_method_dispatcher 00000001800010a0 f   CylinderSim_cgxe.obj
 0001:00000120       cgxe_CylinderSim_autoInfer_dispatcher 0000000180001120 f   CylinderSim_cgxe.obj
 0001:000001b0       method_dispatcher_31jpglTIC8bwLycVokar5F 00000001800011b0 f   m_31jpglTIC8bwLycVokar5F.obj
 0001:00006440       autoInfer_dispatcher_31jpglTIC8bwLycVokar5F 0000000180007440 f   m_31jpglTIC8bwLycVokar5F.obj
 0001:0000e890       cgxe_31jpglTIC8bwLycVokar5F_BuildInfoUpdate 000000018000f890 f   m_31jpglTIC8bwLycVokar5F.obj
 0001:0000e9f0       _ssSetStateAbsTol          000000018000f9f0 f   CylinderSim_cgxe_registry.obj
 0001:0000ead0       _ssGetAbsTol               000000018000fad0 f   CylinderSim_cgxe_registry.obj
 0001:0000eb40       _ssSetInputPortMatrixDimensions 000000018000fb40 f   CylinderSim_cgxe_registry.obj
 0001:0000ec50       _ssSetOutputPortMatrixDimensions 000000018000fc50 f   CylinderSim_cgxe_registry.obj
 0001:0000ed60       _ssSetInputPortVectorDimension 000000018000fd60 f   CylinderSim_cgxe_registry.obj
 0001:0000ee30       _ssSetOutputPortVectorDimension 000000018000fe30 f   CylinderSim_cgxe_registry.obj
 0001:0000ef00       _ssSetSymbolicDimsSupport  000000018000ff00 f   CylinderSim_cgxe_registry.obj
 0001:0000ef70       _ssRegisterSymbolicDimsExpr 000000018000ff70 f   CylinderSim_cgxe_registry.obj
 0001:0000eff0       _ssRegisterSymbolicDims    000000018000fff0 f   CylinderSim_cgxe_registry.obj
 0001:0000f090       _ssRegisterSymbolicDimsString 0000000180010090 f   CylinderSim_cgxe_registry.obj
 0001:0000f110       _ssRegisterSymbolicDimsIntValue 0000000180010110 f   CylinderSim_cgxe_registry.obj
 0001:0000f180       _ssRegisterSymbolicDimsPlus 0000000180010180 f   CylinderSim_cgxe_registry.obj
 0001:0000f200       _ssRegisterSymbolicDimsMinus 0000000180010200 f   CylinderSim_cgxe_registry.obj
 0001:0000f280       _ssRegisterSymbolicDimsMultiply 0000000180010280 f   CylinderSim_cgxe_registry.obj
 0001:0000f300       _ssRegisterSymbolicDimsDivide 0000000180010300 f   CylinderSim_cgxe_registry.obj
 0001:0000f380       _ssGetNumSymbolicDims      0000000180010380 f   CylinderSim_cgxe_registry.obj
 0001:0000f3f0       _ssGetSymbolicDim          00000001800103f0 f   CylinderSim_cgxe_registry.obj
 0001:0000f470       _ssSetInputPortSymbolicDimsId 0000000180010470 f   CylinderSim_cgxe_registry.obj
 0001:0000f4e0       _ssGetCompInputPortSymbolicDimsId 00000001800104e0 f   CylinderSim_cgxe_registry.obj
 0001:0000f550       _ssSetCompInputPortSymbolicDimsId 0000000180010550 f   CylinderSim_cgxe_registry.obj
 0001:0000f5c0       _ssSetOutputPortSymbolicDimsId 00000001800105c0 f   CylinderSim_cgxe_registry.obj
 0001:0000f630       _ssGetCompOutputPortSymbolicDimsId 0000000180010630 f   CylinderSim_cgxe_registry.obj
 0001:0000f6a0       _ssSetCompOutputPortSymbolicDimsId 00000001800106a0 f   CylinderSim_cgxe_registry.obj
 0001:0000f710       _ssSetCompDWorkSymbolicDimsId 0000000180010710 f   CylinderSim_cgxe_registry.obj
 0001:0000f780       ssIsRunTimeParamTunable    0000000180010780 f   CylinderSim_cgxe_registry.obj
 0001:0000f7f0       ssGetSFuncBlockHandle      00000001800107f0 f   CylinderSim_cgxe_registry.obj
 0001:0000f860       _ssGetCurrentInputPortWidth 0000000180010860 f   CylinderSim_cgxe_registry.obj
 0001:0000f980       _ssGetCurrentOutputPortWidth 0000000180010980 f   CylinderSim_cgxe_registry.obj
 0001:0000faa0       _ssGetCallSystemNumFcnCallDestinations 0000000180010aa0 f   CylinderSim_cgxe_registry.obj
 0001:0000fb10       ssWarning                  0000000180010b10 f   CylinderSim_cgxe_registry.obj
 0001:0000fc20       ssGetIsZeroCrossControlDisabled 0000000180010c20 f   CylinderSim_cgxe_registry.obj
 0001:0000fc90       ssSetIsInputPortUsedForContZcSignal 0000000180010c90 f   CylinderSim_cgxe_registry.obj
 0001:0000fd00       ssSetZcSignalIsZcElementDisc 0000000180010d00 f   CylinderSim_cgxe_registry.obj
 0001:0000fdb0       ssSetZcSignalName          0000000180010db0 f   CylinderSim_cgxe_registry.obj
 0001:0000fe20       ssSetZcSignalWidth         0000000180010e20 f   CylinderSim_cgxe_registry.obj
 0001:0000fe90       ssSetZcSignalZcEventType   0000000180010e90 f   CylinderSim_cgxe_registry.obj
 0001:0000ff00       ssSetZcSignalType          0000000180010f00 f   CylinderSim_cgxe_registry.obj
 0001:0000ff70       ssSetZcSignalZcTol         0000000180010f70 f   CylinderSim_cgxe_registry.obj
 0001:0000ffe0       ssSetZcSignalNeedsEventNotification 0000000180010fe0 f   CylinderSim_cgxe_registry.obj
 0001:00010050       ssCreateAndAddZcSignalInfo 0000000180011050 f   CylinderSim_cgxe_registry.obj
 0001:000100c0       ssCloneAndAddZcSignalInfo  00000001800110c0 f   CylinderSim_cgxe_registry.obj
 0001:00010130       ssGetNumZcSignals          0000000180011130 f   CylinderSim_cgxe_registry.obj
 0001:000101a0       ssGetZcSignalVector        00000001800111a0 f   CylinderSim_cgxe_registry.obj
 0001:00010210       ssGetZcSignalZcEvents      0000000180011210 f   CylinderSim_cgxe_registry.obj
 0001:00010280       ssGetZcSignalName          0000000180011280 f   CylinderSim_cgxe_registry.obj
 0001:000102f0       ssGetZcSignalWidth         00000001800112f0 f   CylinderSim_cgxe_registry.obj
 0001:00010360       ssGetZcSignalZcEventType   0000000180011360 f   CylinderSim_cgxe_registry.obj
 0001:000103d0       ssGetZcSignalType          00000001800113d0 f   CylinderSim_cgxe_registry.obj
 0001:00010440       ssGetZcSignalZcTol         0000000180011440 f   CylinderSim_cgxe_registry.obj
 0001:000104c0       ssGetZcSignalNeedsEventNotification 00000001800114c0 f   CylinderSim_cgxe_registry.obj
 0001:00010530       ssGetZcSignalIsZcElementDisc 0000000180011530 f   CylinderSim_cgxe_registry.obj
 0001:000105d0       ssGetIsInputPortElementContinuous 00000001800115d0 f   CylinderSim_cgxe_registry.obj
 0001:00010670       _ssGetInputPortSignalPtrsFcn 0000000180011670 f   CylinderSim_cgxe_registry.obj
 0001:00010930       _ssGetInputPortSignalFcn   0000000180011930 f   CylinderSim_cgxe_registry.obj
 0001:00010b50       _ssSetInputPortDirectFeedThroughFcn 0000000180011b50 f   CylinderSim_cgxe_registry.obj
 0001:00010cb0       _ssSetInputPortReusableFcn 0000000180011cb0 f   CylinderSim_cgxe_registry.obj
 0001:00010da0       _ssSetOutputPortReusableFcn 0000000180011da0 f   CylinderSim_cgxe_registry.obj
 0001:00010e80       ssGetDTypeIdFromMxArray    0000000180011e80 f   CylinderSim_cgxe_registry.obj
 0001:00010fa0       ssWriteRTWStr              0000000180011fa0 f   CylinderSim_cgxe_registry.obj
 0001:00011000       ssWriteRTWMxVectParam      0000000180012000 f   CylinderSim_cgxe_registry.obj
 0001:00011060       ssWriteRTWMx2dMatParam     0000000180012060 f   CylinderSim_cgxe_registry.obj
 0001:000110e0       ssWriteRTWNameValuePair    00000001800120e0 f   CylinderSim_cgxe_registry.obj
 0001:000115d0       ssWriteRTWParameters       00000001800125d0 f   CylinderSim_cgxe_registry.obj
 0001:00011bd0       ssWriteRTWParamSettings    0000000180012bd0 f   CylinderSim_cgxe_registry.obj
 0001:000122a0       ssWriteRTWWorkVect         00000001800132a0 f   CylinderSim_cgxe_registry.obj
 0001:000127a0       mexFunction                00000001800137a0 f   CylinderSim_cgxe_registry.obj
 0001:00014b26       mxGetString_700            0000000180015b26 f   libmx:libmx.dll
 0001:00014b2c       mxGetPr                    0000000180015b2c f   libmx:libmx.dll
 0001:00014b32       mxGetData                  0000000180015b32 f   libmx:libmx.dll
 0001:00014b38       mxGetLogicals              0000000180015b38 f   libmx:libmx.dll
 0001:00014b3e       mxSetCell_700              0000000180015b3e f   libmx:libmx.dll
 0001:00014b44       mxCreateCellMatrix_700     0000000180015b44 f   libmx:libmx.dll
 0001:00014b4a       mxCreateString             0000000180015b4a f   libmx:libmx.dll
 0001:00014b50       mxGetClassID               0000000180015b50 f   libmx:libmx.dll
 0001:00014b56       mxIsChar                   0000000180015b56 f   libmx:libmx.dll
 0001:00014b5c       mxCreateDoubleMatrix_700   0000000180015b5c f   libmx:libmx.dll
 0001:00014b62       mxSetField_700             0000000180015b62 f   libmx:libmx.dll
 0001:00014b68       mxCreateStructMatrix_700   0000000180015b68 f   libmx:libmx.dll
 0001:00014b6e       mxCreateNumericMatrix_700  0000000180015b6e f   libmx:libmx.dll
 0001:00014b74       mxIsNumeric                0000000180015b74 f   libmx:libmx.dll
 0001:00014b7a       mxIsComplex                0000000180015b7a f   libmx:libmx.dll
 0001:00014b80       mxGetN                     0000000180015b80 f   libmx:libmx.dll
 0001:00014b86       mxGetM                     0000000180015b86 f   libmx:libmx.dll
 0001:00014b8c       mxCalloc                   0000000180015b8c f   libmx:libmx.dll
 0001:00014b92       mexWarnMsgTxt              0000000180015b92 f   libmex:libmex.dll
 0001:00014b98       mexCallMATLABWithObject    0000000180015b98 f   libmex:libmex.dll
 0001:00014b9e       mexPrintf                  0000000180015b9e f   libmex:libmex.dll
 0001:00014ba4       mexUnlock                  0000000180015ba4 f   libmex:libmex.dll
 0001:00014baa       mexIsLocked                0000000180015baa f   libmex:libmex.dll
 0001:00014bb0       mexErrMsgTxt               0000000180015bb0 f   libmex:libmex.dll
 0001:00014bb6       muDoubleScalarSin          0000000180015bb6 f   libmwmathutil:libmwmathutil.dll
 0001:00014bbc       muDoubleScalarCos          0000000180015bbc f   libmwmathutil:libmwmathutil.dll
 0001:00014bc2       muDoubleScalarAbs          0000000180015bc2 f   libmwmathutil:libmwmathutil.dll
 0001:00014bc8       muDoubleScalarSign         0000000180015bc8 f   libmwmathutil:libmwmathutil.dll
 0001:00014bce       emlrtCreateSimulinkRootTLS 0000000180015bce f   libemlrt:libemlrt.dll
 0001:00014bd4       emlrtDestroyRootTLS        0000000180015bd4 f   libemlrt:libemlrt.dll
 0001:00014bda       emlrtRetrieveRunTimeError  0000000180015bda f   libemlrt:libemlrt.dll
 0001:00014be0       emlrtSetJmpBuf             0000000180015be0 f   libemlrt:libemlrt.dll
 0001:00014be6       emlrtCreateLogicalScalar   0000000180015be6 f   libemlrt:libemlrt.dll
 0001:00014bec       emlrtSetCell               0000000180015bec f   libemlrt:libemlrt.dll
 0001:00014bf2       emlrtCreateNumericArray    0000000180015bf2 f   libemlrt:libemlrt.dll
 0001:00014bf8       emlrtCreateDoubleScalar    0000000180015bf8 f   libemlrt:libemlrt.dll
 0001:00014bfe       emlrtAddField              0000000180015bfe f   libemlrt:libemlrt.dll
 0001:00014c04       emlrtCreateNumericMatrix   0000000180015c04 f   libemlrt:libemlrt.dll
 0001:00014c0a       emlrtCreateStructMatrix    0000000180015c0a f   libemlrt:libemlrt.dll
 0001:00014c10       emlrtAssign                0000000180015c10 f   libemlrt:libemlrt.dll
 0001:00014c16       emlrtCreateCellMatrix      0000000180015c16 f   libemlrt:libemlrt.dll
 0001:00014c1c       emlrtAlias                 0000000180015c1c f   libemlrt:libemlrt.dll
 0001:00014c22       emlrtDestroyArray          0000000180015c22 f   libemlrt:libemlrt.dll
 0001:00014c28       emlrtGetCell               0000000180015c28 f   libemlrt:libemlrt.dll
 0001:00014c2e       emlrtGetFieldR2013a        0000000180015c2e f   libemlrt:libemlrt.dll
 0001:00014c34       emlrtCheckStructR2012b     0000000180015c34 f   libemlrt:libemlrt.dll
 0001:00014c3a       emlrtCheckBuiltInR2012b    0000000180015c3a f   libemlrt:libemlrt.dll
 0001:00014c40       emlrtInitCharArrayR2013a   0000000180015c40 f   libemlrt:libemlrt.dll
 0001:00014c46       emlrtCreateCharArray       0000000180015c46 f   libemlrt:libemlrt.dll
 0001:00014c4c       emlrtCallMATLABR2012b      0000000180015c4c f   libemlrt:libemlrt.dll
 0001:00014c52       emlrtNameCapturePostProcessR2013b 0000000180015c52 f   libemlrt:libemlrt.dll
 0001:00014c58       emlrtCreateString          0000000180015c58 f   libemlrt:libemlrt.dll
 0001:00014c5e       emlrtCreateStructArray     0000000180015c5e f   libemlrt:libemlrt.dll
 0001:00014c64       covrtLogBasicBlock         0000000180015c64 f   libcovrt:libcovrt.dll
 0001:00014c6a       covrtLogFcn                0000000180015c6a f   libcovrt:libcovrt.dll
 0001:00014c70       covrtScriptStart           0000000180015c70 f   libcovrt:libcovrt.dll
 0001:00014c76       covrtIfInit                0000000180015c76 f   libcovrt:libcovrt.dll
 0001:00014c7c       covrtBasicBlockInit        0000000180015c7c f   libcovrt:libcovrt.dll
 0001:00014c82       covrtFcnInit               0000000180015c82 f   libcovrt:libcovrt.dll
 0001:00014c88       covrtScriptInit            0000000180015c88 f   libcovrt:libcovrt.dll
 0001:00014c8e       covrtAllocateInstanceData  0000000180015c8e f   libcovrt:libcovrt.dll
 0001:00014c94       covrtLogIf                 0000000180015c94 f   libcovrt:libcovrt.dll
 0001:00014c9a       covrtFreeInstanceData      0000000180015c9a f   libcovrt:libcovrt.dll
 0001:00014ca0       __GSHandlerCheckCommon     0000000180015ca0 f   MSVCRT:gshandler.obj
 0001:00014d04       __GSHandlerCheck           0000000180015d04 f   MSVCRT:gshandler.obj
 0001:00014d22       strcmp                     0000000180015d22 f   MSVCRT:MSVCR100.dll
 0001:00014d40       __security_check_cookie    0000000180015d40 f   MSVCRT:amdsecgs.obj
 0001:00014d60       _setjmp                    0000000180015d60 f   MSVCRT:MSVCR100.dll
 0001:00014d66       calloc                     0000000180015d66 f   MSVCRT:MSVCR100.dll
 0001:00014d6c       free                       0000000180015d6c f   MSVCRT:MSVCR100.dll
 0001:00014d72       sprintf                    0000000180015d72 f   MSVCRT:MSVCR100.dll
 0001:00014d78       malloc                     0000000180015d78 f   MSVCRT:MSVCR100.dll
 0001:00014d7e       strlen                     0000000180015d7e f   MSVCRT:MSVCR100.dll
 0001:00014d84       strcat                     0000000180015d84 f   MSVCRT:MSVCR100.dll
 0001:00014d8a       memcpy                     0000000180015d8a f   MSVCRT:MSVCR100.dll
 0001:00014d90       NtCurrentTeb               0000000180015d90 f i MSVCRT:crtdll.obj
 0001:00014dfc       _CRT_INIT                  0000000180015dfc f   MSVCRT:crtdll.obj
 0001:00015194       _DllMainCRTStartup         0000000180016194 f   MSVCRT:crtdll.obj
 0001:000151d4       __report_gsfailure         00000001800161d4 f   MSVCRT:gs_report.obj
 0001:00015320       __clean_type_info_names    0000000180016320 f   MSVCRT:tncleanup.obj
 0001:0001532c       _onexit                    000000018001632c f   MSVCRT:atonexit.obj
 0001:000153dc       atexit                     00000001800163dc f   MSVCRT:atonexit.obj
 0001:000153f4       _RTC_Initialize            00000001800163f4 f   MSVCRT:_initsect_.obj
 0001:0001542c       _RTC_Terminate             000000018001642c f   MSVCRT:_initsect_.obj
 0001:00015464       _malloc_crt                0000000180016464 f   MSVCRT:MSVCR100.dll
 0001:00015470       _ValidateImageBase         0000000180016470 f   MSVCRT:pesect.obj
 0001:000154a0       _FindPESection             00000001800164a0 f   MSVCRT:pesect.obj
 0001:000154f0       _IsNonwritableInCurrentImage 00000001800164f0 f   MSVCRT:pesect.obj
 0001:00015532       _initterm                  0000000180016532 f   MSVCRT:MSVCR100.dll
 0001:00015538       _initterm_e                0000000180016538 f   MSVCRT:MSVCR100.dll
 0001:0001553e       _encoded_null              000000018001653e f   MSVCRT:MSVCR100.dll
 0001:00015544       _amsg_exit                 0000000180016544 f   MSVCRT:MSVCR100.dll
 0001:0001554a       __C_specific_handler       000000018001654a f   MSVCRT:MSVCR100.dll
 0001:00015550       __CppXcptFilter            0000000180016550 f   MSVCRT:MSVCR100.dll
 0001:00015558       DllMain                    0000000180016558 f   MSVCRT:dllmain.obj
 0001:0001557c       __security_init_cookie     000000018001657c f   MSVCRT:gs_support.obj
 0001:00015630       __crt_debugger_hook        0000000180016630 f   MSVCRT:MSVCR100.dll
 0001:00015636       __clean_type_info_names_internal 0000000180016636 f   MSVCRT:MSVCR100.dll
 0001:0001563c       _unlock                    000000018001663c f   MSVCRT:MSVCR100.dll
 0001:00015642       __dllonexit                0000000180016642 f   MSVCRT:MSVCR100.dll
 0001:00015648       _lock                      0000000180016648 f   MSVCRT:MSVCR100.dll
 0001:0001564e       EncodePointer              000000018001664e f   kernel32:KERNEL32.dll
 0001:00015654       DecodePointer              0000000180016654 f   kernel32:KERNEL32.dll
 0001:0001565a       Sleep                      000000018001665a f   kernel32:KERNEL32.dll
 0001:00015660       TerminateProcess           0000000180016660 f   kernel32:KERNEL32.dll
 0001:00015666       GetCurrentProcess          0000000180016666 f   kernel32:KERNEL32.dll
 0001:0001566c       UnhandledExceptionFilter   000000018001666c f   kernel32:KERNEL32.dll
 0001:00015672       SetUnhandledExceptionFilter 0000000180016672 f   kernel32:KERNEL32.dll
 0001:00015678       IsDebuggerPresent          0000000180016678 f   kernel32:KERNEL32.dll
 0001:0001567e       RtlVirtualUnwind           000000018001667e f   kernel32:KERNEL32.dll
 0001:00015684       RtlLookupFunctionEntry     0000000180016684 f   kernel32:KERNEL32.dll
 0001:0001568a       RtlCaptureContext          000000018001668a f   kernel32:KERNEL32.dll
 0001:00015690       DisableThreadLibraryCalls  0000000180016690 f   kernel32:KERNEL32.dll
 0001:00015696       QueryPerformanceCounter    0000000180016696 f   kernel32:KERNEL32.dll
 0001:0001569c       GetTickCount               000000018001669c f   kernel32:KERNEL32.dll
 0001:000156a2       GetCurrentThreadId         00000001800166a2 f   kernel32:KERNEL32.dll
 0001:000156a8       GetCurrentProcessId        00000001800166a8 f   kernel32:KERNEL32.dll
 0001:000156ae       GetSystemTimeAsFileTime    00000001800166ae f   kernel32:KERNEL32.dll
 0002:00000000       __imp_GetSystemTimeAsFileTime 0000000180017000     kernel32:KERNEL32.dll
 0002:00000008       __imp_GetCurrentProcessId  0000000180017008     kernel32:KERNEL32.dll
 0002:00000010       __imp_GetCurrentThreadId   0000000180017010     kernel32:KERNEL32.dll
 0002:00000018       __imp_GetTickCount         0000000180017018     kernel32:KERNEL32.dll
 0002:00000020       __imp_QueryPerformanceCounter 0000000180017020     kernel32:KERNEL32.dll
 0002:00000028       __imp_DisableThreadLibraryCalls 0000000180017028     kernel32:KERNEL32.dll
 0002:00000030       __imp_RtlCaptureContext    0000000180017030     kernel32:KERNEL32.dll
 0002:00000038       __imp_RtlLookupFunctionEntry 0000000180017038     kernel32:KERNEL32.dll
 0002:00000040       __imp_RtlVirtualUnwind     0000000180017040     kernel32:KERNEL32.dll
 0002:00000048       __imp_IsDebuggerPresent    0000000180017048     kernel32:KERNEL32.dll
 0002:00000050       __imp_SetUnhandledExceptionFilter 0000000180017050     kernel32:KERNEL32.dll
 0002:00000058       __imp_UnhandledExceptionFilter 0000000180017058     kernel32:KERNEL32.dll
 0002:00000060       __imp_GetCurrentProcess    0000000180017060     kernel32:KERNEL32.dll
 0002:00000068       __imp_TerminateProcess     0000000180017068     kernel32:KERNEL32.dll
 0002:00000070       __imp_Sleep                0000000180017070     kernel32:KERNEL32.dll
 0002:00000078       __imp_DecodePointer        0000000180017078     kernel32:KERNEL32.dll
 0002:00000080       __imp_EncodePointer        0000000180017080     kernel32:KERNEL32.dll
 0002:00000088       \177KERNEL32_NULL_THUNK_DATA 0000000180017088     kernel32:KERNEL32.dll
 0002:00000090       __imp__onexit              0000000180017090     MSVCRT:MSVCR100.dll
 0002:00000098       __imp__lock                0000000180017098     MSVCRT:MSVCR100.dll
 0002:000000a0       __imp___dllonexit          00000001800170a0     MSVCRT:MSVCR100.dll
 0002:000000a8       __imp__unlock              00000001800170a8     MSVCRT:MSVCR100.dll
 0002:000000b0       __imp___clean_type_info_names_internal 00000001800170b0     MSVCRT:MSVCR100.dll
 0002:000000b8       __imp___crt_debugger_hook  00000001800170b8     MSVCRT:MSVCR100.dll
 0002:000000c0       __imp___CppXcptFilter      00000001800170c0     MSVCRT:MSVCR100.dll
 0002:000000c8       __imp___C_specific_handler 00000001800170c8     MSVCRT:MSVCR100.dll
 0002:000000d0       __imp__amsg_exit           00000001800170d0     MSVCRT:MSVCR100.dll
 0002:000000d8       __imp__encoded_null        00000001800170d8     MSVCRT:MSVCR100.dll
 0002:000000e0       __imp__initterm_e          00000001800170e0     MSVCRT:MSVCR100.dll
 0002:000000e8       __imp__initterm            00000001800170e8     MSVCRT:MSVCR100.dll
 0002:000000f0       __imp_memcpy               00000001800170f0     MSVCRT:MSVCR100.dll
 0002:000000f8       __imp_strcat               00000001800170f8     MSVCRT:MSVCR100.dll
 0002:00000100       __imp_strlen               0000000180017100     MSVCRT:MSVCR100.dll
 0002:00000108       __imp_malloc               0000000180017108     MSVCRT:MSVCR100.dll
 0002:00000110       __imp_sprintf              0000000180017110     MSVCRT:MSVCR100.dll
 0002:00000118       __imp_free                 0000000180017118     MSVCRT:MSVCR100.dll
 0002:00000120       __imp_calloc               0000000180017120     MSVCRT:MSVCR100.dll
 0002:00000128       __imp__setjmp              0000000180017128     MSVCRT:MSVCR100.dll
 0002:00000130       __imp__malloc_crt          0000000180017130     MSVCRT:MSVCR100.dll
 0002:00000138       __imp_strcmp               0000000180017138     MSVCRT:MSVCR100.dll
 0002:00000140       \177MSVCR100_NULL_THUNK_DATA 0000000180017140     MSVCRT:MSVCR100.dll
 0002:00000148       __imp_covrtScriptStart     0000000180017148     libcovrt:libcovrt.dll
 0002:00000150       __imp_covrtFreeInstanceData 0000000180017150     libcovrt:libcovrt.dll
 0002:00000158       __imp_covrtLogIf           0000000180017158     libcovrt:libcovrt.dll
 0002:00000160       __imp_covrtAllocateInstanceData 0000000180017160     libcovrt:libcovrt.dll
 0002:00000168       __imp_covrtScriptInit      0000000180017168     libcovrt:libcovrt.dll
 0002:00000170       __imp_covrtFcnInit         0000000180017170     libcovrt:libcovrt.dll
 0002:00000178       __imp_covrtBasicBlockInit  0000000180017178     libcovrt:libcovrt.dll
 0002:00000180       __imp_covrtIfInit          0000000180017180     libcovrt:libcovrt.dll
 0002:00000188       __imp_covrtLogFcn          0000000180017188     libcovrt:libcovrt.dll
 0002:00000190       __imp_covrtLogBasicBlock   0000000180017190     libcovrt:libcovrt.dll
 0002:00000198       \177libcovrt_NULL_THUNK_DATA 0000000180017198     libcovrt:libcovrt.dll
 0002:000001a0       __imp_emlrtCallMATLABR2012b 00000001800171a0     libemlrt:libemlrt.dll
 0002:000001a8       __imp_emlrtNameCapturePostProcessR2013b 00000001800171a8     libemlrt:libemlrt.dll
 0002:000001b0       __imp_emlrtCreateCharArray 00000001800171b0     libemlrt:libemlrt.dll
 0002:000001b8       __imp_emlrtCreateStructArray 00000001800171b8     libemlrt:libemlrt.dll
 0002:000001c0       __imp_emlrtInitCharArrayR2013a 00000001800171c0     libemlrt:libemlrt.dll
 0002:000001c8       __imp_emlrtCheckBuiltInR2012b 00000001800171c8     libemlrt:libemlrt.dll
 0002:000001d0       __imp_emlrtCreateStructMatrix 00000001800171d0     libemlrt:libemlrt.dll
 0002:000001d8       __imp_emlrtCheckStructR2012b 00000001800171d8     libemlrt:libemlrt.dll
 0002:000001e0       __imp_emlrtGetFieldR2013a  00000001800171e0     libemlrt:libemlrt.dll
 0002:000001e8       __imp_emlrtGetCell         00000001800171e8     libemlrt:libemlrt.dll
 0002:000001f0       __imp_emlrtDestroyArray    00000001800171f0     libemlrt:libemlrt.dll
 0002:000001f8       __imp_emlrtAlias           00000001800171f8     libemlrt:libemlrt.dll
 0002:00000200       __imp_emlrtCreateCellMatrix 0000000180017200     libemlrt:libemlrt.dll
 0002:00000208       __imp_emlrtAssign          0000000180017208     libemlrt:libemlrt.dll
 0002:00000210       __imp_emlrtCreateString    0000000180017210     libemlrt:libemlrt.dll
 0002:00000218       __imp_emlrtCreateNumericMatrix 0000000180017218     libemlrt:libemlrt.dll
 0002:00000220       __imp_emlrtCreateDoubleScalar 0000000180017220     libemlrt:libemlrt.dll
 0002:00000228       __imp_emlrtCreateNumericArray 0000000180017228     libemlrt:libemlrt.dll
 0002:00000230       __imp_emlrtSetCell         0000000180017230     libemlrt:libemlrt.dll
 0002:00000238       __imp_emlrtCreateLogicalScalar 0000000180017238     libemlrt:libemlrt.dll
 0002:00000240       __imp_emlrtSetJmpBuf       0000000180017240     libemlrt:libemlrt.dll
 0002:00000248       __imp_emlrtRetrieveRunTimeError 0000000180017248     libemlrt:libemlrt.dll
 0002:00000250       __imp_emlrtDestroyRootTLS  0000000180017250     libemlrt:libemlrt.dll
 0002:00000258       __imp_emlrtCreateSimulinkRootTLS 0000000180017258     libemlrt:libemlrt.dll
 0002:00000260       __imp_emlrtAddField        0000000180017260     libemlrt:libemlrt.dll
 0002:00000268       \177libemlrt_NULL_THUNK_DATA 0000000180017268     libemlrt:libemlrt.dll
 0002:00000270       __imp_mexErrMsgTxt         0000000180017270     libmex:libmex.dll
 0002:00000278       __imp_mexCallMATLABWithObject 0000000180017278     libmex:libmex.dll
 0002:00000280       __imp_mexPrintf            0000000180017280     libmex:libmex.dll
 0002:00000288       __imp_mexUnlock            0000000180017288     libmex:libmex.dll
 0002:00000290       __imp_mexIsLocked          0000000180017290     libmex:libmex.dll
 0002:00000298       __imp_mexWarnMsgTxt        0000000180017298     libmex:libmex.dll
 0002:000002a0       \177libmex_NULL_THUNK_DATA 00000001800172a0     libmex:libmex.dll
 0002:000002a8       __imp_muDoubleScalarCos    00000001800172a8     libmwmathutil:libmwmathutil.dll
 0002:000002b0       __imp_muDoubleScalarAbs    00000001800172b0     libmwmathutil:libmwmathutil.dll
 0002:000002b8       __imp_muDoubleScalarSign   00000001800172b8     libmwmathutil:libmwmathutil.dll
 0002:000002c0       __imp_muDoubleScalarSin    00000001800172c0     libmwmathutil:libmwmathutil.dll
 0002:000002c8       \177libmwmathutil_NULL_THUNK_DATA 00000001800172c8     libmwmathutil:libmwmathutil.dll
 0002:000002d0       __imp_mxCalloc             00000001800172d0     libmx:libmx.dll
 0002:000002d8       __imp_mxGetM               00000001800172d8     libmx:libmx.dll
 0002:000002e0       __imp_mxGetN               00000001800172e0     libmx:libmx.dll
 0002:000002e8       __imp_mxIsComplex          00000001800172e8     libmx:libmx.dll
 0002:000002f0       __imp_mxIsNumeric          00000001800172f0     libmx:libmx.dll
 0002:000002f8       __imp_mxCreateNumericMatrix_700 00000001800172f8     libmx:libmx.dll
 0002:00000300       __imp_mxCreateStructMatrix_700 0000000180017300     libmx:libmx.dll
 0002:00000308       __imp_mxSetField_700       0000000180017308     libmx:libmx.dll
 0002:00000310       __imp_mxCreateDoubleMatrix_700 0000000180017310     libmx:libmx.dll
 0002:00000318       __imp_mxIsChar             0000000180017318     libmx:libmx.dll
 0002:00000320       __imp_mxGetClassID         0000000180017320     libmx:libmx.dll
 0002:00000328       __imp_mxCreateString       0000000180017328     libmx:libmx.dll
 0002:00000330       __imp_mxCreateCellMatrix_700 0000000180017330     libmx:libmx.dll
 0002:00000338       __imp_mxSetCell_700        0000000180017338     libmx:libmx.dll
 0002:00000340       __imp_mxGetLogicals        0000000180017340     libmx:libmx.dll
 0002:00000348       __imp_mxGetData            0000000180017348     libmx:libmx.dll
 0002:00000350       __imp_mxGetPr              0000000180017350     libmx:libmx.dll
 0002:00000358       __imp_mxGetString_700      0000000180017358     libmx:libmx.dll
 0002:00000360       \177libmx_NULL_THUNK_DATA  0000000180017360     libmx:libmx.dll
 0002:00000368       __xc_a                     0000000180017368     MSVCRT:cinitexe.obj
 0002:00000370       __xc_z                     0000000180017370     MSVCRT:cinitexe.obj
 0002:00000378       __xi_a                     0000000180017378     MSVCRT:cinitexe.obj
 0002:00000388       __xi_z                     0000000180017388     MSVCRT:cinitexe.obj
 0002:00000448       __real@3fe5555555555555    0000000180017448     m_31jpglTIC8bwLycVokar5F.obj
 0002:00000450       __real@4000000000000000    0000000180017450     m_31jpglTIC8bwLycVokar5F.obj
 0002:00000458       __real@3fdeb851eb851eb8    0000000180017458     m_31jpglTIC8bwLycVokar5F.obj
 0002:00000460       __real@3fe0000000000000    0000000180017460     m_31jpglTIC8bwLycVokar5F.obj
 0002:00000468       __real@40239eb851eb851f    0000000180017468     m_31jpglTIC8bwLycVokar5F.obj
 0002:00000470       __real@3f689374bc6a7efa    0000000180017470     m_31jpglTIC8bwLycVokar5F.obj
 0002:00000478       __real@3f947ae147ae147b    0000000180017478     m_31jpglTIC8bwLycVokar5F.obj
 0002:00000480       __mask@@NegDouble@         0000000180017480     m_31jpglTIC8bwLycVokar5F.obj
 0002:00000490       DYNAMIC_DIMENSION_DEF      0000000180017490     CylinderSim_cgxe_registry.obj
 0002:000004b0       _ssBadLevel2InputAccessMsg 00000001800174b0     CylinderSim_cgxe_registry.obj
 0002:00000640       _ssBadLevel2DirectFeedMsg  0000000180017640     CylinderSim_cgxe_registry.obj
 0002:00000780       _ssBadLevel2DirectFeedSolutionMsg 0000000180017780     CylinderSim_cgxe_registry.obj
 0002:000007f0       _ssBadLevel2ZeroDirectFeedMsg 00000001800177f0     CylinderSim_cgxe_registry.obj
 0002:00000930       _ssBadLevel2ZeroDirectFeedMsg2 0000000180017930     CylinderSim_cgxe_registry.obj
 0002:00000a18       __real@0000000000000000    0000000180017a18     CylinderSim_cgxe_registry.obj
 0002:00000a20       __real@bff0000000000000    0000000180017a20     CylinderSim_cgxe_registry.obj
 0002:00000a28       __real@41de695fd6400000    0000000180017a28     CylinderSim_cgxe_registry.obj
 0002:00000a30       __real@41e2455d6fc00000    0000000180017a30     CylinderSim_cgxe_registry.obj
 0002:00000a38       __real@41bd568e42000000    0000000180017a38     CylinderSim_cgxe_registry.obj
 0002:00000a40       __real@41ddfc3dd9400000    0000000180017a40     CylinderSim_cgxe_registry.obj
 0002:00000a48       __real@41dcd0098d400000    0000000180017a48     CylinderSim_cgxe_registry.obj
 0002:00000a50       __real@41e704b96b000000    0000000180017a50     CylinderSim_cgxe_registry.obj
 0002:00000a58       __real@41bb93748c000000    0000000180017a58     CylinderSim_cgxe_registry.obj
 0002:00000a60       __real@41ef4ccd0ce00000    0000000180017a60     CylinderSim_cgxe_registry.obj
 0002:00000a68       __real@41e8a2ad12600000    0000000180017a68     CylinderSim_cgxe_registry.obj
 0002:00000a70       __real@41e0637eb1a00000    0000000180017a70     CylinderSim_cgxe_registry.obj
 0002:00000a78       __real@41d161dc3dc00000    0000000180017a78     CylinderSim_cgxe_registry.obj
 0002:00000a80       __real@41d08245fbc00000    0000000180017a80     CylinderSim_cgxe_registry.obj
 0002:00000a88       __real@41ec2825fba00000    0000000180017a88     CylinderSim_cgxe_registry.obj
 0002:00000a90       __real@41cdc49d4f000000    0000000180017a90     CylinderSim_cgxe_registry.obj
 0002:00000a98       __real@41d504a1a7800000    0000000180017a98     CylinderSim_cgxe_registry.obj
 0002:00000aa0       __real@41ef703868e00000    0000000180017aa0     CylinderSim_cgxe_registry.obj
 0002:00000aa8       __real@41602cbca0000000    0000000180017aa8     CylinderSim_cgxe_registry.obj
 0002:00000ab0       _pDefaultRawDllMain        0000000180017ab0     MSVCRT:crtdll.obj
 0002:00000ab0       _pRawDllMain               0000000180017ab0     MSVCRT:crtdll.obj
 0002:00000ac8       ?ProcessDetach@NativeDll@<CrtImplementationDetails>@@0IB 0000000180017ac8     MSVCRT:tncleanup.obj
 0002:00000acc       ?ProcessAttach@NativeDll@<CrtImplementationDetails>@@0IB 0000000180017acc     MSVCRT:tncleanup.obj
 0002:00000ad0       ?ThreadAttach@NativeDll@<CrtImplementationDetails>@@0IB 0000000180017ad0     MSVCRT:tncleanup.obj
 0002:00000ad4       ?ThreadDetach@NativeDll@<CrtImplementationDetails>@@0IB 0000000180017ad4     MSVCRT:tncleanup.obj
 0002:00000ad8       ?ProcessVerifier@NativeDll@<CrtImplementationDetails>@@0IB 0000000180017ad8     MSVCRT:tncleanup.obj
 0002:00000ae0       __rtc_iaa                  0000000180017ae0     MSVCRT:_initsect_.obj
 0002:00000ae8       __rtc_izz                  0000000180017ae8     MSVCRT:_initsect_.obj
 0002:00000af0       __rtc_taa                  0000000180017af0     MSVCRT:_initsect_.obj
 0002:00000af8       __rtc_tzz                  0000000180017af8     MSVCRT:_initsect_.obj
 0002:000010c8       __IMPORT_DESCRIPTOR_libmx  00000001800180c8     libmx:libmx.dll
 0002:000010dc       __IMPORT_DESCRIPTOR_libmex 00000001800180dc     libmex:libmex.dll
 0002:000010f0       __IMPORT_DESCRIPTOR_libmwmathutil 00000001800180f0     libmwmathutil:libmwmathutil.dll
 0002:00001104       __IMPORT_DESCRIPTOR_libemlrt 0000000180018104     libemlrt:libemlrt.dll
 0002:00001118       __IMPORT_DESCRIPTOR_libcovrt 0000000180018118     libcovrt:libcovrt.dll
 0002:0000112c       __IMPORT_DESCRIPTOR_MSVCR100 000000018001812c     MSVCRT:MSVCR100.dll
 0002:00001140       __IMPORT_DESCRIPTOR_KERNEL32 0000000180018140     kernel32:KERNEL32.dll
 0002:00001154       __NULL_IMPORT_DESCRIPTOR   0000000180018154     libmx:libmx.dll
 0003:00000000       emlrtContextGlobal         0000000180019000     CylinderSim_cgxe.obj
 0003:00007000       DYNAMIC_DIMENSION          0000000180020000     CylinderSim_cgxe_registry.obj
 0003:00007c90       __security_cookie          0000000180020c90     MSVCRT:gs_cookie.obj
 0003:00007c98       __security_cookie_complement 0000000180020c98     MSVCRT:gs_cookie.obj
 0003:00007ca0       _fltused                   0000000180020ca0     MSVCRT:dllsupp.obj
 0003:00007ca4       __native_dllmain_reason    0000000180020ca4     MSVCRT:natstart.obj
 0003:00007ca8       __native_vcclrit_reason    0000000180020ca8     MSVCRT:natstart.obj
 0003:00007cc8       emlrtRootTLSGlobal         0000000180020cc8     CylinderSim_cgxe.obj
 0003:00008330       ?__type_info_root_node@@3U__type_info_node@@A 0000000180021330     MSVCRT:tncleanup.obj
 0003:00008340       cgxeRtErrBuf               0000000180021340     <common>
 0003:00009340       __native_startup_state     0000000180022340     <common>
 0003:00009348       __native_startup_lock      0000000180022348     <common>
 0003:00009350       __onexitend                0000000180022350     <common>
 0003:00009358       __onexitbegin              0000000180022358     <common>
 0003:00009360       __dyn_tls_init_callback    0000000180022360     <common>

 entry point at        0001:00015194

 Static symbols

 0001:00000240       getSimState_31jpglTIC8bwLycVokar5F 0000000180001240 f   m_31jpglTIC8bwLycVokar5F.obj
 0001:00000310       mw__internal__getSimState__fcn 0000000180001310 f   m_31jpglTIC8bwLycVokar5F.obj
 0001:00000a30       setSimState_31jpglTIC8bwLycVokar5F 0000000180001a30 f   m_31jpglTIC8bwLycVokar5F.obj
 0001:00000b10       mw__internal__setSimState__fcn 0000000180001b10 f   m_31jpglTIC8bwLycVokar5F.obj
 0001:00000be0       emlrt_marshallIn           0000000180001be0 f   m_31jpglTIC8bwLycVokar5F.obj
 0001:00000c40       b_emlrt_marshallIn         0000000180001c40 f   m_31jpglTIC8bwLycVokar5F.obj
 0001:000011a0       c_emlrt_marshallIn         00000001800021a0 f   m_31jpglTIC8bwLycVokar5F.obj
 0001:000011f0       d_emlrt_marshallIn         00000001800021f0 f   m_31jpglTIC8bwLycVokar5F.obj
 0001:00001240       e_emlrt_marshallIn         0000000180002240 f   m_31jpglTIC8bwLycVokar5F.obj
 0001:00001290       f_emlrt_marshallIn         0000000180002290 f   m_31jpglTIC8bwLycVokar5F.obj
 0001:000012f0       g_emlrt_marshallIn         00000001800022f0 f   m_31jpglTIC8bwLycVokar5F.obj
 0001:00001340       h_emlrt_marshallIn         0000000180002340 f   m_31jpglTIC8bwLycVokar5F.obj
 0001:000013b0       i_emlrt_marshallIn         00000001800023b0 f   m_31jpglTIC8bwLycVokar5F.obj
 0001:00001420       j_emlrt_marshallIn         0000000180002420 f   m_31jpglTIC8bwLycVokar5F.obj
 0001:000014d0       k_emlrt_marshallIn         00000001800024d0 f   m_31jpglTIC8bwLycVokar5F.obj
 0001:00001540       mdlStart_31jpglTIC8bwLycVokar5F 0000000180002540 f   m_31jpglTIC8bwLycVokar5F.obj
 0001:000016c0       cgxe_mdl_start             00000001800026c0 f   m_31jpglTIC8bwLycVokar5F.obj
 0001:000026e0       message                    00000001800036e0 f   m_31jpglTIC8bwLycVokar5F.obj
 0001:00002760       error                      0000000180003760 f   m_31jpglTIC8bwLycVokar5F.obj
 0001:000027c0       mdlOutputs_31jpglTIC8bwLycVokar5F 00000001800037c0 f   m_31jpglTIC8bwLycVokar5F.obj
 0001:00002890       cgxe_mdl_outputs           0000000180003890 f   m_31jpglTIC8bwLycVokar5F.obj
 0001:00004b80       mdlInitialize_31jpglTIC8bwLycVokar5F 0000000180005b80 f   m_31jpglTIC8bwLycVokar5F.obj
 0001:00004c50       cgxe_mdl_initialize        0000000180005c50 f   m_31jpglTIC8bwLycVokar5F.obj
 0001:00005730       mdlUpdate_31jpglTIC8bwLycVokar5F 0000000180006730 f   m_31jpglTIC8bwLycVokar5F.obj
 0001:00005800       cgxe_mdl_update            0000000180006800 f   m_31jpglTIC8bwLycVokar5F.obj
 0001:00005810       mdlTerminate_31jpglTIC8bwLycVokar5F 0000000180006810 f   m_31jpglTIC8bwLycVokar5F.obj
 0001:00005900       cgxe_mdl_terminate         0000000180006900 f   m_31jpglTIC8bwLycVokar5F.obj
 0001:00006430       mdlProcessParameters_31jpglTIC8bwLycVokar5F 0000000180007430 f   m_31jpglTIC8bwLycVokar5F.obj
 0001:000064b0       mw__internal__name__resolution__fcn 00000001800074b0 f   m_31jpglTIC8bwLycVokar5F.obj
 0001:00006510       info_helper                0000000180007510 f   m_31jpglTIC8bwLycVokar5F.obj
 0001:0000b2d0       emlrt_marshallOut          000000018000c2d0 f   m_31jpglTIC8bwLycVokar5F.obj
 0001:0000b310       b_emlrt_marshallOut        000000018000c310 f   m_31jpglTIC8bwLycVokar5F.obj
 0001:0000b370       b_info_helper              000000018000c370 f   m_31jpglTIC8bwLycVokar5F.obj
 0001:0000d1f0       mw__internal__autoInference__fcn 000000018000e1f0 f   m_31jpglTIC8bwLycVokar5F.obj
 0001:00010890       _ssFatalError              0000000180011890 f   CylinderSim_cgxe_registry.obj
 0001:000137e0       mdlStart                   00000001800147e0 f   CylinderSim_cgxe_registry.obj
 0001:00013820       mdlInitializeConditions    0000000180014820 f   CylinderSim_cgxe_registry.obj
 0001:00013840       mdlUpdate                  0000000180014840 f   CylinderSim_cgxe_registry.obj
 0001:00013870       mdlOutputs                 0000000180014870 f   CylinderSim_cgxe_registry.obj
 0001:000138a0       mdlTerminate               00000001800148a0 f   CylinderSim_cgxe_registry.obj
 0001:000138c0       mdlInitializeSampleTimes   00000001800148c0 f   CylinderSim_cgxe_registry.obj
 0001:000138d0       ProcessMexSfunctionCmdLineCall 00000001800148d0 f   CylinderSim_cgxe_registry.obj
 0001:00013b50       cgxe_process_get_checksums 0000000180014b50 f   CylinderSim_cgxe_registry.obj
 0001:00013e30       cgxe_get_supported_modules 0000000180014e30 f   CylinderSim_cgxe_registry.obj
 0001:00013ee0       cgxe_mex_unlock_call       0000000180014ee0 f   CylinderSim_cgxe_registry.obj
 0001:00013f20       cgxe_get_sim_state         0000000180014f20 f   CylinderSim_cgxe_registry.obj
 0001:00013f90       cgxe_unpack_simstruct      0000000180014f90 f   CylinderSim_cgxe_registry.obj
 0001:00014030       cgxe_set_sim_state         0000000180015030 f   CylinderSim_cgxe_registry.obj
 0001:000140a0       cgxe_get_BuildInfoUpdate   00000001800150a0 f   CylinderSim_cgxe_registry.obj
 0001:00014140       mdlZeroCrossings           0000000180015140 f   CylinderSim_cgxe_registry.obj
 0001:00014190       mdlGetTimeOfNextVarHit     0000000180015190 f   CylinderSim_cgxe_registry.obj
 0001:000141e0       _ProcessMexSfunctionCmdLineCall 00000001800151e0 f   CylinderSim_cgxe_registry.obj
 0001:00014890       mdlInitializeSizes         0000000180015890 f   CylinderSim_cgxe_registry.obj
 0001:000148a0       _CreateSimStruct           00000001800158a0 f   CylinderSim_cgxe_registry.obj
 0001:00014a30       _RegNumInputPortsCB        0000000180015a30 f   CylinderSim_cgxe_registry.obj
 0001:00014ab0       _RegNumOutputPortsCB       0000000180015ab0 f   CylinderSim_cgxe_registry.obj
 0001:00014d9c       pre_c_init                 0000000180015d9c f   MSVCRT:crtdll.obj
 0001:00015058       __DllMainCRTStartup        0000000180016058 f   MSVCRT:crtdll.obj
 0001:000156c0       __DllMainCRTStartup$filt$0 00000001800166c0 f   MSVCRT:crtdll.obj
 0001:000156f0       __DllMainCRTStartup$fin$1  00000001800166f0 f   MSVCRT:crtdll.obj
 0001:0001570a       _onexit$fin$0              000000018001670a f   MSVCRT:atonexit.obj
 0001:00015730       _IsNonwritableInCurrentImage$filt$0 0000000180016730 f   MSVCRT:pesect.obj
